[INFO] mapping csv loaded: ./FORGE_DAS_Circulation2023_ChannelMapping.csv
[INFO] y-axis values: Depth (m)
[INFO] data_dir=./data/event_2417
[INFO] num_files=257
[INFO] splits=[(2200, 2605), (2650, 3055), (3100, 3505), (3550, 3955)]
[INFO] win_sec=2.0, stride_sec=1.0
[INFO] done 1/257 | RAW_20230719_014658.140.sgy | split_01_ch2200_2605
[INFO] done 1/257 | RAW_20230719_014658.140.sgy | split_02_ch2650_3055
[INFO] done 1/257 | RAW_20230719_014658.140.sgy | split_03_ch3100_3505
[INFO] done 1/257 | RAW_20230719_014658.140.sgy | split_04_ch3550_3955
[INFO] done 2/257 | RAW_20230719_015052.760.sgy | split_01_ch2200_2605
[INFO] done 2/257 | RAW_20230719_015052.760.sgy | split_02_ch2650_3055
[INFO] done 2/257 | RAW_20230719_015052.760.sgy | split_03_ch3100_3505
[INFO] done 2/257 | RAW_20230719_015052.760.sgy | split_04_ch3550_3955
[INFO] done 3/257 | RAW_20230719_015140.420.sgy | split_01_ch2200_2605
[INFO] done 3/257 | RAW_20230719_015140.420.sgy | split_02_ch2650_3055
[INFO] done 3/257 | RAW_20230719_015140.420.sgy | split_03_ch3100_3505
[INFO] done 3/257 | RAW_20230719_015140.420.sgy | split_04_ch3550_3955
[INFO] done 4/257 | RAW_20230719_021049.840.sgy | split_01_ch2200_2605
[INFO] done 4/257 | RAW_20230719_021049.840.sgy | split_02_ch2650_3055
[INFO] done 4/257 | RAW_20230719_021049.840.sgy | split_03_ch3100_3505
[INFO] done 4/257 | RAW_20230719_021049.840.sgy | split_04_ch3550_3955
[INFO] done 5/257 | RAW_20230719_021757.860.sgy | split_01_ch2200_2605
[INFO] done 5/257 | RAW_20230719_021757.860.sgy | split_02_ch2650_3055
[INFO] done 5/257 | RAW_20230719_021757.860.sgy | split_03_ch3100_3505
[INFO] done 5/257 | RAW_20230719_021757.860.sgy | split_04_ch3550_3955
[INFO] done 6/257 | RAW_20230719_022127.800.sgy | split_01_ch2200_2605
[INFO] done 6/257 | RAW_20230719_022127.800.sgy | split_02_ch2650_3055
[INFO] done 6/257 | RAW_20230719_022127.800.sgy | split_03_ch3100_3505
[INFO] done 6/257 | RAW_20230719_022127.800.sgy | split_04_ch3550_3955
[INFO] done 7/257 | RAW_20230719_022252.220.sgy | split_01_ch2200_2605
[INFO] done 7/257 | RAW_20230719_022252.220.sgy | split_02_ch2650_3055
[INFO] done 7/257 | RAW_20230719_022252.220.sgy | split_03_ch3100_3505
[INFO] done 7/257 | RAW_20230719_022252.220.sgy | split_04_ch3550_3955
[INFO] done 8/257 | RAW_20230719_023754.260.sgy | split_01_ch2200_2605
[INFO] done 8/257 | RAW_20230719_023754.260.sgy | split_02_ch2650_3055
[INFO] done 8/257 | RAW_20230719_023754.260.sgy | split_03_ch3100_3505
[INFO] done 8/257 | RAW_20230719_023754.260.sgy | split_04_ch3550_3955
[INFO] done 9/257 | RAW_20230719_025343.140.sgy | split_01_ch2200_2605
[INFO] done 9/257 | RAW_20230719_025343.140.sgy | split_02_ch2650_3055
[INFO] done 9/257 | RAW_20230719_025343.140.sgy | split_03_ch3100_3505
[INFO] done 9/257 | RAW_20230719_025343.140.sgy | split_04_ch3550_3955
[INFO] done 10/257 | RAW_20230719_025648.380.sgy | split_01_ch2200_2605
[INFO] done 10/257 | RAW_20230719_025648.380.sgy | split_02_ch2650_3055
[INFO] done 10/257 | RAW_20230719_025648.380.sgy | split_03_ch3100_3505
[INFO] done 10/257 | RAW_20230719_025648.380.sgy | split_04_ch3550_3955
[INFO] done 11/257 | RAW_20230719_025836.060.sgy | split_01_ch2200_2605
[INFO] done 11/257 | RAW_20230719_025836.060.sgy | split_02_ch2650_3055
[INFO] done 11/257 | RAW_20230719_025836.060.sgy | split_03_ch3100_3505
[INFO] done 11/257 | RAW_20230719_025836.060.sgy | split_04_ch3550_3955
[INFO] done 12/257 | RAW_20230719_025842.080.sgy | split_01_ch2200_2605
[INFO] done 12/257 | RAW_20230719_025842.080.sgy | split_02_ch2650_3055
[INFO] done 12/257 | RAW_20230719_025842.080.sgy | split_03_ch3100_3505
[INFO] done 12/257 | RAW_20230719_025842.080.sgy | split_04_ch3550_3955
[INFO] done 13/257 | RAW_20230719_030249.180.sgy | split_01_ch2200_2605
[INFO] done 13/257 | RAW_20230719_030249.180.sgy | split_02_ch2650_3055
[INFO] done 13/257 | RAW_20230719_030249.180.sgy | split_03_ch3100_3505
[INFO] done 13/257 | RAW_20230719_030249.180.sgy | split_04_ch3550_3955
[INFO] done 14/257 | RAW_20230719_030929.320.sgy | split_01_ch2200_2605
[INFO] done 14/257 | RAW_20230719_030929.320.sgy | split_02_ch2650_3055
[INFO] done 14/257 | RAW_20230719_030929.320.sgy | split_03_ch3100_3505
[INFO] done 14/257 | RAW_20230719_030929.320.sgy | split_04_ch3550_3955
[INFO] done 15/257 | RAW_20230719_030953.040.sgy | split_01_ch2200_2605
[INFO] done 15/257 | RAW_20230719_030953.040.sgy | split_02_ch2650_3055
[INFO] done 15/257 | RAW_20230719_030953.040.sgy | split_03_ch3100_3505
[INFO] done 15/257 | RAW_20230719_030953.040.sgy | split_04_ch3550_3955
[INFO] done 16/257 | RAW_20230719_031236.560.sgy | split_01_ch2200_2605
[INFO] done 16/257 | RAW_20230719_031236.560.sgy | split_02_ch2650_3055
[INFO] done 16/257 | RAW_20230719_031236.560.sgy | split_03_ch3100_3505
[INFO] done 16/257 | RAW_20230719_031236.560.sgy | split_04_ch3550_3955
[INFO] done 17/257 | RAW_20230719_031715.160.sgy | split_01_ch2200_2605
[INFO] done 17/257 | RAW_20230719_031715.160.sgy | split_02_ch2650_3055
[INFO] done 17/257 | RAW_20230719_031715.160.sgy | split_03_ch3100_3505
[INFO] done 17/257 | RAW_20230719_031715.160.sgy | split_04_ch3550_3955
[INFO] done 18/257 | RAW_20230719_031752.460.sgy | split_01_ch2200_2605
[INFO] done 18/257 | RAW_20230719_031752.460.sgy | split_02_ch2650_3055
[INFO] done 18/257 | RAW_20230719_031752.460.sgy | split_03_ch3100_3505
[INFO] done 18/257 | RAW_20230719_031752.460.sgy | split_04_ch3550_3955
[INFO] done 19/257 | RAW_20230719_032930.400.sgy | split_01_ch2200_2605
[INFO] done 19/257 | RAW_20230719_032930.400.sgy | split_02_ch2650_3055
[INFO] done 19/257 | RAW_20230719_032930.400.sgy | split_03_ch3100_3505
[INFO] done 19/257 | RAW_20230719_032930.400.sgy | split_04_ch3550_3955
[INFO] done 20/257 | RAW_20230719_032951.960.sgy | split_01_ch2200_2605
[INFO] done 20/257 | RAW_20230719_032951.960.sgy | split_02_ch2650_3055
[INFO] done 20/257 | RAW_20230719_032951.960.sgy | split_03_ch3100_3505
[INFO] done 20/257 | RAW_20230719_032951.960.sgy | split_04_ch3550_3955
[INFO] done 21/257 | RAW_20230719_034045.220.sgy | split_01_ch2200_2605
[INFO] done 21/257 | RAW_20230719_034045.220.sgy | split_02_ch2650_3055
[INFO] done 21/257 | RAW_20230719_034045.220.sgy | split_03_ch3100_3505
[INFO] done 21/257 | RAW_20230719_034045.220.sgy | split_04_ch3550_3955
[INFO] done 22/257 | RAW_20230719_034908.440.sgy | split_01_ch2200_2605
[INFO] done 22/257 | RAW_20230719_034908.440.sgy | split_02_ch2650_3055
[INFO] done 22/257 | RAW_20230719_034908.440.sgy | split_03_ch3100_3505
[INFO] done 22/257 | RAW_20230719_034908.440.sgy | split_04_ch3550_3955
[INFO] done 23/257 | RAW_20230719_034956.660.sgy | split_01_ch2200_2605
[INFO] done 23/257 | RAW_20230719_034956.660.sgy | split_02_ch2650_3055
[INFO] done 23/257 | RAW_20230719_034956.660.sgy | split_03_ch3100_3505
[INFO] done 23/257 | RAW_20230719_034956.660.sgy | split_04_ch3550_3955
[INFO] done 24/257 | RAW_20230719_035325.460.sgy | split_01_ch2200_2605
[INFO] done 24/257 | RAW_20230719_035325.460.sgy | split_02_ch2650_3055
[INFO] done 24/257 | RAW_20230719_035325.460.sgy | split_03_ch3100_3505
[INFO] done 24/257 | RAW_20230719_035325.460.sgy | split_04_ch3550_3955
[INFO] done 25/257 | RAW_20230719_035436.600.sgy | split_01_ch2200_2605
[INFO] done 25/257 | RAW_20230719_035436.600.sgy | split_02_ch2650_3055
[INFO] done 25/257 | RAW_20230719_035436.600.sgy | split_03_ch3100_3505
[INFO] done 25/257 | RAW_20230719_035436.600.sgy | split_04_ch3550_3955
[INFO] done 26/257 | RAW_20230719_035957.680.sgy | split_01_ch2200_2605
[INFO] done 26/257 | RAW_20230719_035957.680.sgy | split_02_ch2650_3055
[INFO] done 26/257 | RAW_20230719_035957.680.sgy | split_03_ch3100_3505
[INFO] done 26/257 | RAW_20230719_035957.680.sgy | split_04_ch3550_3955
[INFO] done 27/257 | RAW_20230719_040051.760.sgy | split_01_ch2200_2605
[INFO] done 27/257 | RAW_20230719_040051.760.sgy | split_02_ch2650_3055
[INFO] done 27/257 | RAW_20230719_040051.760.sgy | split_03_ch3100_3505
[INFO] done 27/257 | RAW_20230719_040051.760.sgy | split_04_ch3550_3955
[INFO] done 28/257 | RAW_20230719_040055.300.sgy | split_01_ch2200_2605
[INFO] done 28/257 | RAW_20230719_040055.300.sgy | split_02_ch2650_3055
[INFO] done 28/257 | RAW_20230719_040055.300.sgy | split_03_ch3100_3505
[INFO] done 28/257 | RAW_20230719_040055.300.sgy | split_04_ch3550_3955
[INFO] done 29/257 | RAW_20230719_040116.080.sgy | split_01_ch2200_2605
[INFO] done 29/257 | RAW_20230719_040116.080.sgy | split_02_ch2650_3055
[INFO] done 29/257 | RAW_20230719_040116.080.sgy | split_03_ch3100_3505
[INFO] done 29/257 | RAW_20230719_040116.080.sgy | split_04_ch3550_3955
[INFO] done 30/257 | RAW_20230719_040132.780.sgy | split_01_ch2200_2605
[INFO] done 30/257 | RAW_20230719_040132.780.sgy | split_02_ch2650_3055
[INFO] done 30/257 | RAW_20230719_040132.780.sgy | split_03_ch3100_3505
[INFO] done 30/257 | RAW_20230719_040132.780.sgy | split_04_ch3550_3955
[INFO] done 31/257 | RAW_20230719_040153.740.sgy | split_01_ch2200_2605
[INFO] done 31/257 | RAW_20230719_040153.740.sgy | split_02_ch2650_3055
[INFO] done 31/257 | RAW_20230719_040153.740.sgy | split_03_ch3100_3505
[INFO] done 31/257 | RAW_20230719_040153.740.sgy | split_04_ch3550_3955
[INFO] done 32/257 | RAW_20230719_040253.400.sgy | split_01_ch2200_2605
[INFO] done 32/257 | RAW_20230719_040253.400.sgy | split_02_ch2650_3055
[INFO] done 32/257 | RAW_20230719_040253.400.sgy | split_03_ch3100_3505
[INFO] done 32/257 | RAW_20230719_040253.400.sgy | split_04_ch3550_3955
[INFO] done 33/257 | RAW_20230719_040433.560.sgy | split_01_ch2200_2605
[INFO] done 33/257 | RAW_20230719_040433.560.sgy | split_02_ch2650_3055
[INFO] done 33/257 | RAW_20230719_040433.560.sgy | split_03_ch3100_3505
[INFO] done 33/257 | RAW_20230719_040433.560.sgy | split_04_ch3550_3955
[INFO] done 34/257 | RAW_20230719_041155.580.sgy | split_01_ch2200_2605
[INFO] done 34/257 | RAW_20230719_041155.580.sgy | split_02_ch2650_3055
[INFO] done 34/257 | RAW_20230719_041155.580.sgy | split_03_ch3100_3505
[INFO] done 34/257 | RAW_20230719_041155.580.sgy | split_04_ch3550_3955
[INFO] done 35/257 | RAW_20230719_041343.440.sgy | split_01_ch2200_2605
[INFO] done 35/257 | RAW_20230719_041343.440.sgy | split_02_ch2650_3055
[INFO] done 35/257 | RAW_20230719_041343.440.sgy | split_03_ch3100_3505
[INFO] done 35/257 | RAW_20230719_041343.440.sgy | split_04_ch3550_3955
[INFO] done 36/257 | RAW_20230719_041710.280.sgy | split_01_ch2200_2605
[INFO] done 36/257 | RAW_20230719_041710.280.sgy | split_02_ch2650_3055
[INFO] done 36/257 | RAW_20230719_041710.280.sgy | split_03_ch3100_3505
[INFO] done 36/257 | RAW_20230719_041710.280.sgy | split_04_ch3550_3955
[INFO] done 37/257 | RAW_20230719_042002.020.sgy | split_01_ch2200_2605
[INFO] done 37/257 | RAW_20230719_042002.020.sgy | split_02_ch2650_3055
[INFO] done 37/257 | RAW_20230719_042002.020.sgy | split_03_ch3100_3505
[INFO] done 37/257 | RAW_20230719_042002.020.sgy | split_04_ch3550_3955
[INFO] done 38/257 | RAW_20230719_042006.560.sgy | split_01_ch2200_2605
[INFO] done 38/257 | RAW_20230719_042006.560.sgy | split_02_ch2650_3055
[INFO] done 38/257 | RAW_20230719_042006.560.sgy | split_03_ch3100_3505
[INFO] done 38/257 | RAW_20230719_042006.560.sgy | split_04_ch3550_3955
[INFO] done 39/257 | RAW_20230719_043103.860.sgy | split_01_ch2200_2605
[INFO] done 39/257 | RAW_20230719_043103.860.sgy | split_02_ch2650_3055
[INFO] done 39/257 | RAW_20230719_043103.860.sgy | split_03_ch3100_3505
[INFO] done 39/257 | RAW_20230719_043103.860.sgy | split_04_ch3550_3955
[INFO] done 40/257 | RAW_20230719_043105.320.sgy | split_01_ch2200_2605
[INFO] done 40/257 | RAW_20230719_043105.320.sgy | split_02_ch2650_3055
[INFO] done 40/257 | RAW_20230719_043105.320.sgy | split_03_ch3100_3505
[INFO] done 40/257 | RAW_20230719_043105.320.sgy | split_04_ch3550_3955
[INFO] done 41/257 | RAW_20230719_043406.020.sgy | split_01_ch2200_2605
[INFO] done 41/257 | RAW_20230719_043406.020.sgy | split_02_ch2650_3055
[INFO] done 41/257 | RAW_20230719_043406.020.sgy | split_03_ch3100_3505
[INFO] done 41/257 | RAW_20230719_043406.020.sgy | split_04_ch3550_3955
[INFO] done 42/257 | RAW_20230719_044426.140.sgy | split_01_ch2200_2605
[INFO] done 42/257 | RAW_20230719_044426.140.sgy | split_02_ch2650_3055
[INFO] done 42/257 | RAW_20230719_044426.140.sgy | split_03_ch3100_3505
[INFO] done 42/257 | RAW_20230719_044426.140.sgy | split_04_ch3550_3955
[INFO] done 43/257 | RAW_20230719_044547.400.sgy | split_01_ch2200_2605
[INFO] done 43/257 | RAW_20230719_044547.400.sgy | split_02_ch2650_3055
[INFO] done 43/257 | RAW_20230719_044547.400.sgy | split_03_ch3100_3505
[INFO] done 43/257 | RAW_20230719_044547.400.sgy | split_04_ch3550_3955
[INFO] done 44/257 | RAW_20230719_050147.540.sgy | split_01_ch2200_2605
[INFO] done 44/257 | RAW_20230719_050147.540.sgy | split_02_ch2650_3055
[INFO] done 44/257 | RAW_20230719_050147.540.sgy | split_03_ch3100_3505
[INFO] done 44/257 | RAW_20230719_050147.540.sgy | split_04_ch3550_3955
[INFO] done 45/257 | RAW_20230719_051004.980.sgy | split_01_ch2200_2605
[INFO] done 45/257 | RAW_20230719_051004.980.sgy | split_02_ch2650_3055
[INFO] done 45/257 | RAW_20230719_051004.980.sgy | split_03_ch3100_3505
[INFO] done 45/257 | RAW_20230719_051004.980.sgy | split_04_ch3550_3955
[INFO] done 46/257 | RAW_20230719_051543.780.sgy | split_01_ch2200_2605
[INFO] done 46/257 | RAW_20230719_051543.780.sgy | split_02_ch2650_3055
[INFO] done 46/257 | RAW_20230719_051543.780.sgy | split_03_ch3100_3505
[INFO] done 46/257 | RAW_20230719_051543.780.sgy | split_04_ch3550_3955
[INFO] done 47/257 | RAW_20230719_051730.040.sgy | split_01_ch2200_2605
[INFO] done 47/257 | RAW_20230719_051730.040.sgy | split_02_ch2650_3055
[INFO] done 47/257 | RAW_20230719_051730.040.sgy | split_03_ch3100_3505
[INFO] done 47/257 | RAW_20230719_051730.040.sgy | split_04_ch3550_3955
[INFO] done 48/257 | RAW_20230719_052359.820.sgy | split_01_ch2200_2605
[INFO] done 48/257 | RAW_20230719_052359.820.sgy | split_02_ch2650_3055
[INFO] done 48/257 | RAW_20230719_052359.820.sgy | split_03_ch3100_3505
[INFO] done 48/257 | RAW_20230719_052359.820.sgy | split_04_ch3550_3955
[INFO] done 49/257 | RAW_20230719_054509.880.sgy | split_01_ch2200_2605
[INFO] done 49/257 | RAW_20230719_054509.880.sgy | split_02_ch2650_3055
[INFO] done 49/257 | RAW_20230719_054509.880.sgy | split_03_ch3100_3505
[INFO] done 49/257 | RAW_20230719_054509.880.sgy | split_04_ch3550_3955
[INFO] done 50/257 | RAW_20230719_055455.600.sgy | split_01_ch2200_2605
[INFO] done 50/257 | RAW_20230719_055455.600.sgy | split_02_ch2650_3055
[INFO] done 50/257 | RAW_20230719_055455.600.sgy | split_03_ch3100_3505
[INFO] done 50/257 | RAW_20230719_055455.600.sgy | split_04_ch3550_3955
[INFO] done 51/257 | RAW_20230719_055501.740.sgy | split_01_ch2200_2605
[INFO] done 51/257 | RAW_20230719_055501.740.sgy | split_02_ch2650_3055
[INFO] done 51/257 | RAW_20230719_055501.740.sgy | split_03_ch3100_3505
[INFO] done 51/257 | RAW_20230719_055501.740.sgy | split_04_ch3550_3955
[INFO] done 52/257 | RAW_20230719_055911.380.sgy | split_01_ch2200_2605
[INFO] done 52/257 | RAW_20230719_055911.380.sgy | split_02_ch2650_3055
[INFO] done 52/257 | RAW_20230719_055911.380.sgy | split_03_ch3100_3505
[INFO] done 52/257 | RAW_20230719_055911.380.sgy | split_04_ch3550_3955
[INFO] done 53/257 | RAW_20230719_060005.780.sgy | split_01_ch2200_2605
[INFO] done 53/257 | RAW_20230719_060005.780.sgy | split_02_ch2650_3055
[INFO] done 53/257 | RAW_20230719_060005.780.sgy | split_03_ch3100_3505
[INFO] done 53/257 | RAW_20230719_060005.780.sgy | split_04_ch3550_3955
[INFO] done 54/257 | RAW_20230719_060022.840.sgy | split_01_ch2200_2605
[INFO] done 54/257 | RAW_20230719_060022.840.sgy | split_02_ch2650_3055
[INFO] done 54/257 | RAW_20230719_060022.840.sgy | split_03_ch3100_3505
[INFO] done 54/257 | RAW_20230719_060022.840.sgy | split_04_ch3550_3955
[INFO] done 55/257 | RAW_20230719_060125.060.sgy | split_01_ch2200_2605
[INFO] done 55/257 | RAW_20230719_060125.060.sgy | split_02_ch2650_3055
[INFO] done 55/257 | RAW_20230719_060125.060.sgy | split_03_ch3100_3505
[INFO] done 55/257 | RAW_20230719_060125.060.sgy | split_04_ch3550_3955
[INFO] done 56/257 | RAW_20230719_061531.020.sgy | split_01_ch2200_2605
[INFO] done 56/257 | RAW_20230719_061531.020.sgy | split_02_ch2650_3055
[INFO] done 56/257 | RAW_20230719_061531.020.sgy | split_03_ch3100_3505
[INFO] done 56/257 | RAW_20230719_061531.020.sgy | split_04_ch3550_3955
[INFO] done 57/257 | RAW_20230719_062035.920.sgy | split_01_ch2200_2605
[INFO] done 57/257 | RAW_20230719_062035.920.sgy | split_02_ch2650_3055
[INFO] done 57/257 | RAW_20230719_062035.920.sgy | split_03_ch3100_3505
[INFO] done 57/257 | RAW_20230719_062035.920.sgy | split_04_ch3550_3955
[INFO] done 58/257 | RAW_20230719_062247.120.sgy | split_01_ch2200_2605
[INFO] done 58/257 | RAW_20230719_062247.120.sgy | split_02_ch2650_3055
[INFO] done 58/257 | RAW_20230719_062247.120.sgy | split_03_ch3100_3505
[INFO] done 58/257 | RAW_20230719_062247.120.sgy | split_04_ch3550_3955
[INFO] done 59/257 | RAW_20230719_064141.680.sgy | split_01_ch2200_2605
[INFO] done 59/257 | RAW_20230719_064141.680.sgy | split_02_ch2650_3055
[INFO] done 59/257 | RAW_20230719_064141.680.sgy | split_03_ch3100_3505
[INFO] done 59/257 | RAW_20230719_064141.680.sgy | split_04_ch3550_3955
[INFO] done 60/257 | RAW_20230719_064205.660.sgy | split_01_ch2200_2605
[INFO] done 60/257 | RAW_20230719_064205.660.sgy | split_02_ch2650_3055
[INFO] done 60/257 | RAW_20230719_064205.660.sgy | split_03_ch3100_3505
[INFO] done 60/257 | RAW_20230719_064205.660.sgy | split_04_ch3550_3955
[INFO] done 61/257 | RAW_20230719_064501.860.sgy | split_01_ch2200_2605
[INFO] done 61/257 | RAW_20230719_064501.860.sgy | split_02_ch2650_3055
[INFO] done 61/257 | RAW_20230719_064501.860.sgy | split_03_ch3100_3505
[INFO] done 61/257 | RAW_20230719_064501.860.sgy | split_04_ch3550_3955
[INFO] done 62/257 | RAW_20230719_064853.660.sgy | split_01_ch2200_2605
[INFO] done 62/257 | RAW_20230719_064853.660.sgy | split_02_ch2650_3055
[INFO] done 62/257 | RAW_20230719_064853.660.sgy | split_03_ch3100_3505
[INFO] done 62/257 | RAW_20230719_064853.660.sgy | split_04_ch3550_3955
[INFO] done 63/257 | RAW_20230719_065306.860.sgy | split_01_ch2200_2605
[INFO] done 63/257 | RAW_20230719_065306.860.sgy | split_02_ch2650_3055
[INFO] done 63/257 | RAW_20230719_065306.860.sgy | split_03_ch3100_3505
[INFO] done 63/257 | RAW_20230719_065306.860.sgy | split_04_ch3550_3955
[INFO] done 64/257 | RAW_20230719_065523.560.sgy | split_01_ch2200_2605
[INFO] done 64/257 | RAW_20230719_065523.560.sgy | split_02_ch2650_3055
[INFO] done 64/257 | RAW_20230719_065523.560.sgy | split_03_ch3100_3505
[INFO] done 64/257 | RAW_20230719_065523.560.sgy | split_04_ch3550_3955
[INFO] done 65/257 | RAW_20230719_065900.780.sgy | split_01_ch2200_2605
[INFO] done 65/257 | RAW_20230719_065900.780.sgy | split_02_ch2650_3055
[INFO] done 65/257 | RAW_20230719_065900.780.sgy | split_03_ch3100_3505
[INFO] done 65/257 | RAW_20230719_065900.780.sgy | split_04_ch3550_3955
[INFO] done 66/257 | RAW_20230719_070140.740.sgy | split_01_ch2200_2605
[INFO] done 66/257 | RAW_20230719_070140.740.sgy | split_02_ch2650_3055
[INFO] done 66/257 | RAW_20230719_070140.740.sgy | split_03_ch3100_3505
[INFO] done 66/257 | RAW_20230719_070140.740.sgy | split_04_ch3550_3955
[INFO] done 67/257 | RAW_20230719_070535.980.sgy | split_01_ch2200_2605
[INFO] done 67/257 | RAW_20230719_070535.980.sgy | split_02_ch2650_3055
[INFO] done 67/257 | RAW_20230719_070535.980.sgy | split_03_ch3100_3505
[INFO] done 67/257 | RAW_20230719_070535.980.sgy | split_04_ch3550_3955
[INFO] done 68/257 | RAW_20230719_071705.740.sgy | split_01_ch2200_2605
[INFO] done 68/257 | RAW_20230719_071705.740.sgy | split_02_ch2650_3055
[INFO] done 68/257 | RAW_20230719_071705.740.sgy | split_03_ch3100_3505
[INFO] done 68/257 | RAW_20230719_071705.740.sgy | split_04_ch3550_3955
[INFO] done 69/257 | RAW_20230719_071903.640.sgy | split_01_ch2200_2605
[INFO] done 69/257 | RAW_20230719_071903.640.sgy | split_02_ch2650_3055
[INFO] done 69/257 | RAW_20230719_071903.640.sgy | split_03_ch3100_3505
[INFO] done 69/257 | RAW_20230719_071903.640.sgy | split_04_ch3550_3955
[INFO] done 70/257 | RAW_20230719_071905.740.sgy | split_01_ch2200_2605
[INFO] done 70/257 | RAW_20230719_071905.740.sgy | split_02_ch2650_3055
[INFO] done 70/257 | RAW_20230719_071905.740.sgy | split_03_ch3100_3505
[INFO] done 70/257 | RAW_20230719_071905.740.sgy | split_04_ch3550_3955
[INFO] done 71/257 | RAW_20230719_072348.880.sgy | split_01_ch2200_2605
[INFO] done 71/257 | RAW_20230719_072348.880.sgy | split_02_ch2650_3055
[INFO] done 71/257 | RAW_20230719_072348.880.sgy | split_03_ch3100_3505
[INFO] done 71/257 | RAW_20230719_072348.880.sgy | split_04_ch3550_3955
[INFO] done 72/257 | RAW_20230719_073441.500.sgy | split_01_ch2200_2605
[INFO] done 72/257 | RAW_20230719_073441.500.sgy | split_02_ch2650_3055
[INFO] done 72/257 | RAW_20230719_073441.500.sgy | split_03_ch3100_3505
[INFO] done 72/257 | RAW_20230719_073441.500.sgy | split_04_ch3550_3955
[INFO] done 73/257 | RAW_20230719_073610.580.sgy | split_01_ch2200_2605
[INFO] done 73/257 | RAW_20230719_073610.580.sgy | split_02_ch2650_3055
[INFO] done 73/257 | RAW_20230719_073610.580.sgy | split_03_ch3100_3505
[INFO] done 73/257 | RAW_20230719_073610.580.sgy | split_04_ch3550_3955
[INFO] done 74/257 | RAW_20230719_073748.660.sgy | split_01_ch2200_2605
[INFO] done 74/257 | RAW_20230719_073748.660.sgy | split_02_ch2650_3055
[INFO] done 74/257 | RAW_20230719_073748.660.sgy | split_03_ch3100_3505
[INFO] done 74/257 | RAW_20230719_073748.660.sgy | split_04_ch3550_3955
[INFO] done 75/257 | RAW_20230719_074647.820.sgy | split_01_ch2200_2605
[INFO] done 75/257 | RAW_20230719_074647.820.sgy | split_02_ch2650_3055
[INFO] done 75/257 | RAW_20230719_074647.820.sgy | split_03_ch3100_3505
[INFO] done 75/257 | RAW_20230719_074647.820.sgy | split_04_ch3550_3955
[INFO] done 76/257 | RAW_20230719_074724.340.sgy | split_01_ch2200_2605
[INFO] done 76/257 | RAW_20230719_074724.340.sgy | split_02_ch2650_3055
[INFO] done 76/257 | RAW_20230719_074724.340.sgy | split_03_ch3100_3505
[INFO] done 76/257 | RAW_20230719_074724.340.sgy | split_04_ch3550_3955
[INFO] done 77/257 | RAW_20230719_074924.900.sgy | split_01_ch2200_2605
[INFO] done 77/257 | RAW_20230719_074924.900.sgy | split_02_ch2650_3055
[INFO] done 77/257 | RAW_20230719_074924.900.sgy | split_03_ch3100_3505
[INFO] done 77/257 | RAW_20230719_074924.900.sgy | split_04_ch3550_3955
[INFO] done 78/257 | RAW_20230719_075003.440.sgy | split_01_ch2200_2605
[INFO] done 78/257 | RAW_20230719_075003.440.sgy | split_02_ch2650_3055
[INFO] done 78/257 | RAW_20230719_075003.440.sgy | split_03_ch3100_3505
[INFO] done 78/257 | RAW_20230719_075003.440.sgy | split_04_ch3550_3955
[INFO] done 79/257 | RAW_20230719_075010.100.sgy | split_01_ch2200_2605
[INFO] done 79/257 | RAW_20230719_075010.100.sgy | split_02_ch2650_3055
[INFO] done 79/257 | RAW_20230719_075010.100.sgy | split_03_ch3100_3505
[INFO] done 79/257 | RAW_20230719_075010.100.sgy | split_04_ch3550_3955
[INFO] done 80/257 | RAW_20230719_075130.920.sgy | split_01_ch2200_2605
[INFO] done 80/257 | RAW_20230719_075130.920.sgy | split_02_ch2650_3055
[INFO] done 80/257 | RAW_20230719_075130.920.sgy | split_03_ch3100_3505
[INFO] done 80/257 | RAW_20230719_075130.920.sgy | split_04_ch3550_3955
[INFO] done 81/257 | RAW_20230719_080627.020.sgy | split_01_ch2200_2605
[INFO] done 81/257 | RAW_20230719_080627.020.sgy | split_02_ch2650_3055
[INFO] done 81/257 | RAW_20230719_080627.020.sgy | split_03_ch3100_3505
[INFO] done 81/257 | RAW_20230719_080627.020.sgy | split_04_ch3550_3955
[INFO] done 82/257 | RAW_20230719_080821.520.sgy | split_01_ch2200_2605
[INFO] done 82/257 | RAW_20230719_080821.520.sgy | split_02_ch2650_3055
[INFO] done 82/257 | RAW_20230719_080821.520.sgy | split_03_ch3100_3505
[INFO] done 82/257 | RAW_20230719_080821.520.sgy | split_04_ch3550_3955
[INFO] done 83/257 | RAW_20230719_080827.020.sgy | split_01_ch2200_2605
[INFO] done 83/257 | RAW_20230719_080827.020.sgy | split_02_ch2650_3055
[INFO] done 83/257 | RAW_20230719_080827.020.sgy | split_03_ch3100_3505
[INFO] done 83/257 | RAW_20230719_080827.020.sgy | split_04_ch3550_3955
[INFO] done 84/257 | RAW_20230719_081128.000.sgy | split_01_ch2200_2605
[INFO] done 84/257 | RAW_20230719_081128.000.sgy | split_02_ch2650_3055
[INFO] done 84/257 | RAW_20230719_081128.000.sgy | split_03_ch3100_3505
[INFO] done 84/257 | RAW_20230719_081128.000.sgy | split_04_ch3550_3955
[INFO] done 85/257 | RAW_20230719_081400.440.sgy | split_01_ch2200_2605
[INFO] done 85/257 | RAW_20230719_081400.440.sgy | split_02_ch2650_3055
[INFO] done 85/257 | RAW_20230719_081400.440.sgy | split_03_ch3100_3505
[INFO] done 85/257 | RAW_20230719_081400.440.sgy | split_04_ch3550_3955
[INFO] done 86/257 | RAW_20230719_082102.600.sgy | split_01_ch2200_2605
[INFO] done 86/257 | RAW_20230719_082102.600.sgy | split_02_ch2650_3055
[INFO] done 86/257 | RAW_20230719_082102.600.sgy | split_03_ch3100_3505
[INFO] done 86/257 | RAW_20230719_082102.600.sgy | split_04_ch3550_3955
[INFO] done 87/257 | RAW_20230719_082154.000.sgy | split_01_ch2200_2605
[INFO] done 87/257 | RAW_20230719_082154.000.sgy | split_02_ch2650_3055
[INFO] done 87/257 | RAW_20230719_082154.000.sgy | split_03_ch3100_3505
[INFO] done 87/257 | RAW_20230719_082154.000.sgy | split_04_ch3550_3955
[INFO] done 88/257 | RAW_20230719_083006.100.sgy | split_01_ch2200_2605
[INFO] done 88/257 | RAW_20230719_083006.100.sgy | split_02_ch2650_3055
[INFO] done 88/257 | RAW_20230719_083006.100.sgy | split_03_ch3100_3505
[INFO] done 88/257 | RAW_20230719_083006.100.sgy | split_04_ch3550_3955
[INFO] done 89/257 | RAW_20230719_083234.520.sgy | split_01_ch2200_2605
[INFO] done 89/257 | RAW_20230719_083234.520.sgy | split_02_ch2650_3055
[INFO] done 89/257 | RAW_20230719_083234.520.sgy | split_03_ch3100_3505
[INFO] done 89/257 | RAW_20230719_083234.520.sgy | split_04_ch3550_3955
[INFO] done 90/257 | RAW_20230719_083622.280.sgy | split_01_ch2200_2605
[INFO] done 90/257 | RAW_20230719_083622.280.sgy | split_02_ch2650_3055
[INFO] done 90/257 | RAW_20230719_083622.280.sgy | split_03_ch3100_3505
[INFO] done 90/257 | RAW_20230719_083622.280.sgy | split_04_ch3550_3955
[INFO] done 91/257 | RAW_20230719_083648.200.sgy | split_01_ch2200_2605
[INFO] done 91/257 | RAW_20230719_083648.200.sgy | split_02_ch2650_3055
[INFO] done 91/257 | RAW_20230719_083648.200.sgy | split_03_ch3100_3505
[INFO] done 91/257 | RAW_20230719_083648.200.sgy | split_04_ch3550_3955
[INFO] done 92/257 | RAW_20230719_083701.100.sgy | split_01_ch2200_2605
[INFO] done 92/257 | RAW_20230719_083701.100.sgy | split_02_ch2650_3055
[INFO] done 92/257 | RAW_20230719_083701.100.sgy | split_03_ch3100_3505
[INFO] done 92/257 | RAW_20230719_083701.100.sgy | split_04_ch3550_3955
[INFO] done 93/257 | RAW_20230719_083850.320.sgy | split_01_ch2200_2605
[INFO] done 93/257 | RAW_20230719_083850.320.sgy | split_02_ch2650_3055
[INFO] done 93/257 | RAW_20230719_083850.320.sgy | split_03_ch3100_3505
[INFO] done 93/257 | RAW_20230719_083850.320.sgy | split_04_ch3550_3955
[INFO] done 94/257 | RAW_20230719_084920.980.sgy | split_01_ch2200_2605
[INFO] done 94/257 | RAW_20230719_084920.980.sgy | split_02_ch2650_3055
[INFO] done 94/257 | RAW_20230719_084920.980.sgy | split_03_ch3100_3505
[INFO] done 94/257 | RAW_20230719_084920.980.sgy | split_04_ch3550_3955
[INFO] done 95/257 | RAW_20230719_085832.340.sgy | split_01_ch2200_2605
[INFO] done 95/257 | RAW_20230719_085832.340.sgy | split_02_ch2650_3055
[INFO] done 95/257 | RAW_20230719_085832.340.sgy | split_03_ch3100_3505
[INFO] done 95/257 | RAW_20230719_085832.340.sgy | split_04_ch3550_3955
[INFO] done 96/257 | RAW_20230719_090023.100.sgy | split_01_ch2200_2605
[INFO] done 96/257 | RAW_20230719_090023.100.sgy | split_02_ch2650_3055
[INFO] done 96/257 | RAW_20230719_090023.100.sgy | split_03_ch3100_3505
[INFO] done 96/257 | RAW_20230719_090023.100.sgy | split_04_ch3550_3955
[INFO] done 97/257 | RAW_20230719_090650.840.sgy | split_01_ch2200_2605
[INFO] done 97/257 | RAW_20230719_090650.840.sgy | split_02_ch2650_3055
[INFO] done 97/257 | RAW_20230719_090650.840.sgy | split_03_ch3100_3505
[INFO] done 97/257 | RAW_20230719_090650.840.sgy | split_04_ch3550_3955
[INFO] done 98/257 | RAW_20230719_091031.360.sgy | split_01_ch2200_2605
[INFO] done 98/257 | RAW_20230719_091031.360.sgy | split_02_ch2650_3055
[INFO] done 98/257 | RAW_20230719_091031.360.sgy | split_03_ch3100_3505
[INFO] done 98/257 | RAW_20230719_091031.360.sgy | split_04_ch3550_3955
[INFO] done 99/257 | RAW_20230719_091100.420.sgy | split_01_ch2200_2605
[INFO] done 99/257 | RAW_20230719_091100.420.sgy | split_02_ch2650_3055
[INFO] done 99/257 | RAW_20230719_091100.420.sgy | split_03_ch3100_3505
[INFO] done 99/257 | RAW_20230719_091100.420.sgy | split_04_ch3550_3955
[INFO] done 100/257 | RAW_20230719_091918.440.sgy | split_01_ch2200_2605
[INFO] done 100/257 | RAW_20230719_091918.440.sgy | split_02_ch2650_3055
[INFO] done 100/257 | RAW_20230719_091918.440.sgy | split_03_ch3100_3505
[INFO] done 100/257 | RAW_20230719_091918.440.sgy | split_04_ch3550_3955
[INFO] done 101/257 | RAW_20230719_093452.880.sgy | split_01_ch2200_2605
[INFO] done 101/257 | RAW_20230719_093452.880.sgy | split_02_ch2650_3055
[INFO] done 101/257 | RAW_20230719_093452.880.sgy | split_03_ch3100_3505
[INFO] done 101/257 | RAW_20230719_093452.880.sgy | split_04_ch3550_3955
[INFO] done 102/257 | RAW_20230719_093502.800.sgy | split_01_ch2200_2605
[INFO] done 102/257 | RAW_20230719_093502.800.sgy | split_02_ch2650_3055
[INFO] done 102/257 | RAW_20230719_093502.800.sgy | split_03_ch3100_3505
[INFO] done 102/257 | RAW_20230719_093502.800.sgy | split_04_ch3550_3955
[INFO] done 103/257 | RAW_20230719_093708.280.sgy | split_01_ch2200_2605
[INFO] done 103/257 | RAW_20230719_093708.280.sgy | split_02_ch2650_3055
[INFO] done 103/257 | RAW_20230719_093708.280.sgy | split_03_ch3100_3505
[INFO] done 103/257 | RAW_20230719_093708.280.sgy | split_04_ch3550_3955
[INFO] done 104/257 | RAW_20230719_094210.020.sgy | split_01_ch2200_2605
[INFO] done 104/257 | RAW_20230719_094210.020.sgy | split_02_ch2650_3055
[INFO] done 104/257 | RAW_20230719_094210.020.sgy | split_03_ch3100_3505
[INFO] done 104/257 | RAW_20230719_094210.020.sgy | split_04_ch3550_3955
[INFO] done 105/257 | RAW_20230719_094846.140.sgy | split_01_ch2200_2605
[INFO] done 105/257 | RAW_20230719_094846.140.sgy | split_02_ch2650_3055
[INFO] done 105/257 | RAW_20230719_094846.140.sgy | split_03_ch3100_3505
[INFO] done 105/257 | RAW_20230719_094846.140.sgy | split_04_ch3550_3955
[INFO] done 106/257 | RAW_20230719_095255.020.sgy | split_01_ch2200_2605
[INFO] done 106/257 | RAW_20230719_095255.020.sgy | split_02_ch2650_3055
[INFO] done 106/257 | RAW_20230719_095255.020.sgy | split_03_ch3100_3505
[INFO] done 106/257 | RAW_20230719_095255.020.sgy | split_04_ch3550_3955
[INFO] done 107/257 | RAW_20230719_095701.700.sgy | split_01_ch2200_2605
[INFO] done 107/257 | RAW_20230719_095701.700.sgy | split_02_ch2650_3055
[INFO] done 107/257 | RAW_20230719_095701.700.sgy | split_03_ch3100_3505
[INFO] done 107/257 | RAW_20230719_095701.700.sgy | split_04_ch3550_3955
[INFO] done 108/257 | RAW_20230719_101049.560.sgy | split_01_ch2200_2605
[INFO] done 108/257 | RAW_20230719_101049.560.sgy | split_02_ch2650_3055
[INFO] done 108/257 | RAW_20230719_101049.560.sgy | split_03_ch3100_3505
[INFO] done 108/257 | RAW_20230719_101049.560.sgy | split_04_ch3550_3955
[INFO] done 109/257 | RAW_20230719_101052.740.sgy | split_01_ch2200_2605
[INFO] done 109/257 | RAW_20230719_101052.740.sgy | split_02_ch2650_3055
[INFO] done 109/257 | RAW_20230719_101052.740.sgy | split_03_ch3100_3505
[INFO] done 109/257 | RAW_20230719_101052.740.sgy | split_04_ch3550_3955
[INFO] done 110/257 | RAW_20230719_102845.060.sgy | split_01_ch2200_2605
[INFO] done 110/257 | RAW_20230719_102845.060.sgy | split_02_ch2650_3055
[INFO] done 110/257 | RAW_20230719_102845.060.sgy | split_03_ch3100_3505
[INFO] done 110/257 | RAW_20230719_102845.060.sgy | split_04_ch3550_3955
[INFO] done 111/257 | RAW_20230719_103547.160.sgy | split_01_ch2200_2605
[INFO] done 111/257 | RAW_20230719_103547.160.sgy | split_02_ch2650_3055
[INFO] done 111/257 | RAW_20230719_103547.160.sgy | split_03_ch3100_3505
[INFO] done 111/257 | RAW_20230719_103547.160.sgy | split_04_ch3550_3955
[INFO] done 112/257 | RAW_20230719_103618.440.sgy | split_01_ch2200_2605
[INFO] done 112/257 | RAW_20230719_103618.440.sgy | split_02_ch2650_3055
[INFO] done 112/257 | RAW_20230719_103618.440.sgy | split_03_ch3100_3505
[INFO] done 112/257 | RAW_20230719_103618.440.sgy | split_04_ch3550_3955
[INFO] done 113/257 | RAW_20230719_104045.740.sgy | split_01_ch2200_2605
[INFO] done 113/257 | RAW_20230719_104045.740.sgy | split_02_ch2650_3055
[INFO] done 113/257 | RAW_20230719_104045.740.sgy | split_03_ch3100_3505
[INFO] done 113/257 | RAW_20230719_104045.740.sgy | split_04_ch3550_3955
[INFO] done 114/257 | RAW_20230719_105054.260.sgy | split_01_ch2200_2605
[INFO] done 114/257 | RAW_20230719_105054.260.sgy | split_02_ch2650_3055
[INFO] done 114/257 | RAW_20230719_105054.260.sgy | split_03_ch3100_3505
[INFO] done 114/257 | RAW_20230719_105054.260.sgy | split_04_ch3550_3955
[INFO] done 115/257 | RAW_20230719_105130.800.sgy | split_01_ch2200_2605
[INFO] done 115/257 | RAW_20230719_105130.800.sgy | split_02_ch2650_3055
[INFO] done 115/257 | RAW_20230719_105130.800.sgy | split_03_ch3100_3505
[INFO] done 115/257 | RAW_20230719_105130.800.sgy | split_04_ch3550_3955
[INFO] done 116/257 | RAW_20230719_105433.420.sgy | split_01_ch2200_2605
[INFO] done 116/257 | RAW_20230719_105433.420.sgy | split_02_ch2650_3055
[INFO] done 116/257 | RAW_20230719_105433.420.sgy | split_03_ch3100_3505
[INFO] done 116/257 | RAW_20230719_105433.420.sgy | split_04_ch3550_3955
[INFO] done 117/257 | RAW_20230719_105917.020.sgy | split_01_ch2200_2605
[INFO] done 117/257 | RAW_20230719_105917.020.sgy | split_02_ch2650_3055
[INFO] done 117/257 | RAW_20230719_105917.020.sgy | split_03_ch3100_3505
[INFO] done 117/257 | RAW_20230719_105917.020.sgy | split_04_ch3550_3955
[INFO] done 118/257 | RAW_20230719_111856.500.sgy | split_01_ch2200_2605
[INFO] done 118/257 | RAW_20230719_111856.500.sgy | split_02_ch2650_3055
[INFO] done 118/257 | RAW_20230719_111856.500.sgy | split_03_ch3100_3505
[INFO] done 118/257 | RAW_20230719_111856.500.sgy | split_04_ch3550_3955
[INFO] done 119/257 | RAW_20230719_112045.660.sgy | split_01_ch2200_2605
[INFO] done 119/257 | RAW_20230719_112045.660.sgy | split_02_ch2650_3055
[INFO] done 119/257 | RAW_20230719_112045.660.sgy | split_03_ch3100_3505
[INFO] done 119/257 | RAW_20230719_112045.660.sgy | split_04_ch3550_3955
[INFO] done 120/257 | RAW_20230719_112244.740.sgy | split_01_ch2200_2605
[INFO] done 120/257 | RAW_20230719_112244.740.sgy | split_02_ch2650_3055
[INFO] done 120/257 | RAW_20230719_112244.740.sgy | split_03_ch3100_3505
[INFO] done 120/257 | RAW_20230719_112244.740.sgy | split_04_ch3550_3955
[INFO] done 121/257 | RAW_20230719_113029.220.sgy | split_01_ch2200_2605
[INFO] done 121/257 | RAW_20230719_113029.220.sgy | split_02_ch2650_3055
[INFO] done 121/257 | RAW_20230719_113029.220.sgy | split_03_ch3100_3505
[INFO] done 121/257 | RAW_20230719_113029.220.sgy | split_04_ch3550_3955
[INFO] done 122/257 | RAW_20230719_113839.760.sgy | split_01_ch2200_2605
[INFO] done 122/257 | RAW_20230719_113839.760.sgy | split_02_ch2650_3055
[INFO] done 122/257 | RAW_20230719_113839.760.sgy | split_03_ch3100_3505
[INFO] done 122/257 | RAW_20230719_113839.760.sgy | split_04_ch3550_3955
[INFO] done 123/257 | RAW_20230719_114141.700.sgy | split_01_ch2200_2605
[INFO] done 123/257 | RAW_20230719_114141.700.sgy | split_02_ch2650_3055
[INFO] done 123/257 | RAW_20230719_114141.700.sgy | split_03_ch3100_3505
[INFO] done 123/257 | RAW_20230719_114141.700.sgy | split_04_ch3550_3955
[INFO] done 124/257 | RAW_20230719_114459.940.sgy | split_01_ch2200_2605
[INFO] done 124/257 | RAW_20230719_114459.940.sgy | split_02_ch2650_3055
[INFO] done 124/257 | RAW_20230719_114459.940.sgy | split_03_ch3100_3505
[INFO] done 124/257 | RAW_20230719_114459.940.sgy | split_04_ch3550_3955
[INFO] done 125/257 | RAW_20230719_114539.400.sgy | split_01_ch2200_2605
[INFO] done 125/257 | RAW_20230719_114539.400.sgy | split_02_ch2650_3055
[INFO] done 125/257 | RAW_20230719_114539.400.sgy | split_03_ch3100_3505
[INFO] done 125/257 | RAW_20230719_114539.400.sgy | split_04_ch3550_3955
[INFO] done 126/257 | RAW_20230719_114645.440.sgy | split_01_ch2200_2605
[INFO] done 126/257 | RAW_20230719_114645.440.sgy | split_02_ch2650_3055
[INFO] done 126/257 | RAW_20230719_114645.440.sgy | split_03_ch3100_3505
[INFO] done 126/257 | RAW_20230719_114645.440.sgy | split_04_ch3550_3955
[INFO] done 127/257 | RAW_20230719_114858.180.sgy | split_01_ch2200_2605
[INFO] done 127/257 | RAW_20230719_114858.180.sgy | split_02_ch2650_3055
[INFO] done 127/257 | RAW_20230719_114858.180.sgy | split_03_ch3100_3505
[INFO] done 127/257 | RAW_20230719_114858.180.sgy | split_04_ch3550_3955
[INFO] done 128/257 | RAW_20230719_120910.060.sgy | split_01_ch2200_2605
[INFO] done 128/257 | RAW_20230719_120910.060.sgy | split_02_ch2650_3055
[INFO] done 128/257 | RAW_20230719_120910.060.sgy | split_03_ch3100_3505
[INFO] done 128/257 | RAW_20230719_120910.060.sgy | split_04_ch3550_3955
[INFO] done 129/257 | RAW_20230719_121356.380.sgy | split_01_ch2200_2605
[INFO] done 129/257 | RAW_20230719_121356.380.sgy | split_02_ch2650_3055
[INFO] done 129/257 | RAW_20230719_121356.380.sgy | split_03_ch3100_3505
[INFO] done 129/257 | RAW_20230719_121356.380.sgy | split_04_ch3550_3955
[INFO] done 130/257 | RAW_20230719_124327.820.sgy | split_01_ch2200_2605
[INFO] done 130/257 | RAW_20230719_124327.820.sgy | split_02_ch2650_3055
[INFO] done 130/257 | RAW_20230719_124327.820.sgy | split_03_ch3100_3505
[INFO] done 130/257 | RAW_20230719_124327.820.sgy | split_04_ch3550_3955
[INFO] done 131/257 | RAW_20230719_124657.380.sgy | split_01_ch2200_2605
[INFO] done 131/257 | RAW_20230719_124657.380.sgy | split_02_ch2650_3055
[INFO] done 131/257 | RAW_20230719_124657.380.sgy | split_03_ch3100_3505
[INFO] done 131/257 | RAW_20230719_124657.380.sgy | split_04_ch3550_3955
[INFO] done 132/257 | RAW_20230719_124910.540.sgy | split_01_ch2200_2605
[INFO] done 132/257 | RAW_20230719_124910.540.sgy | split_02_ch2650_3055
[INFO] done 132/257 | RAW_20230719_124910.540.sgy | split_03_ch3100_3505
[INFO] done 132/257 | RAW_20230719_124910.540.sgy | split_04_ch3550_3955
[INFO] done 133/257 | RAW_20230719_125617.420.sgy | split_01_ch2200_2605
[INFO] done 133/257 | RAW_20230719_125617.420.sgy | split_02_ch2650_3055
[INFO] done 133/257 | RAW_20230719_125617.420.sgy | split_03_ch3100_3505
[INFO] done 133/257 | RAW_20230719_125617.420.sgy | split_04_ch3550_3955
[INFO] done 134/257 | RAW_20230719_125643.720.sgy | split_01_ch2200_2605
[INFO] done 134/257 | RAW_20230719_125643.720.sgy | split_02_ch2650_3055
[INFO] done 134/257 | RAW_20230719_125643.720.sgy | split_03_ch3100_3505
[INFO] done 134/257 | RAW_20230719_125643.720.sgy | split_04_ch3550_3955
[INFO] done 135/257 | RAW_20230719_130548.860.sgy | split_01_ch2200_2605
[INFO] done 135/257 | RAW_20230719_130548.860.sgy | split_02_ch2650_3055
[INFO] done 135/257 | RAW_20230719_130548.860.sgy | split_03_ch3100_3505
[INFO] done 135/257 | RAW_20230719_130548.860.sgy | split_04_ch3550_3955
[INFO] done 136/257 | RAW_20230719_131651.700.sgy | split_01_ch2200_2605
[INFO] done 136/257 | RAW_20230719_131651.700.sgy | split_02_ch2650_3055
[INFO] done 136/257 | RAW_20230719_131651.700.sgy | split_03_ch3100_3505
[INFO] done 136/257 | RAW_20230719_131651.700.sgy | split_04_ch3550_3955
[INFO] done 137/257 | RAW_20230719_131653.920.sgy | split_01_ch2200_2605
[INFO] done 137/257 | RAW_20230719_131653.920.sgy | split_02_ch2650_3055
[INFO] done 137/257 | RAW_20230719_131653.920.sgy | split_03_ch3100_3505
[INFO] done 137/257 | RAW_20230719_131653.920.sgy | split_04_ch3550_3955
[INFO] done 138/257 | RAW_20230719_133952.740.sgy | split_01_ch2200_2605
[INFO] done 138/257 | RAW_20230719_133952.740.sgy | split_02_ch2650_3055
[INFO] done 138/257 | RAW_20230719_133952.740.sgy | split_03_ch3100_3505
[INFO] done 138/257 | RAW_20230719_133952.740.sgy | split_04_ch3550_3955
[INFO] done 139/257 | RAW_20230719_134203.960.sgy | split_01_ch2200_2605
[INFO] done 139/257 | RAW_20230719_134203.960.sgy | split_02_ch2650_3055
[INFO] done 139/257 | RAW_20230719_134203.960.sgy | split_03_ch3100_3505
[INFO] done 139/257 | RAW_20230719_134203.960.sgy | split_04_ch3550_3955
[INFO] done 140/257 | RAW_20230719_135423.660.sgy | split_01_ch2200_2605
[INFO] done 140/257 | RAW_20230719_135423.660.sgy | split_02_ch2650_3055
[INFO] done 140/257 | RAW_20230719_135423.660.sgy | split_03_ch3100_3505
[INFO] done 140/257 | RAW_20230719_135423.660.sgy | split_04_ch3550_3955
[INFO] done 141/257 | RAW_20230719_135957.880.sgy | split_01_ch2200_2605
[INFO] done 141/257 | RAW_20230719_135957.880.sgy | split_02_ch2650_3055
[INFO] done 141/257 | RAW_20230719_135957.880.sgy | split_03_ch3100_3505
[INFO] done 141/257 | RAW_20230719_135957.880.sgy | split_04_ch3550_3955
[INFO] done 142/257 | RAW_20230719_140753.600.sgy | split_01_ch2200_2605
[INFO] done 142/257 | RAW_20230719_140753.600.sgy | split_02_ch2650_3055
[INFO] done 142/257 | RAW_20230719_140753.600.sgy | split_03_ch3100_3505
[INFO] done 142/257 | RAW_20230719_140753.600.sgy | split_04_ch3550_3955
[INFO] done 143/257 | RAW_20230719_141257.260.sgy | split_01_ch2200_2605
[INFO] done 143/257 | RAW_20230719_141257.260.sgy | split_02_ch2650_3055
[INFO] done 143/257 | RAW_20230719_141257.260.sgy | split_03_ch3100_3505
[INFO] done 143/257 | RAW_20230719_141257.260.sgy | split_04_ch3550_3955
[INFO] done 144/257 | RAW_20230719_142106.840.sgy | split_01_ch2200_2605
[INFO] done 144/257 | RAW_20230719_142106.840.sgy | split_02_ch2650_3055
[INFO] done 144/257 | RAW_20230719_142106.840.sgy | split_03_ch3100_3505
[INFO] done 144/257 | RAW_20230719_142106.840.sgy | split_04_ch3550_3955
[INFO] done 145/257 | RAW_20230719_144729.880.sgy | split_01_ch2200_2605
[INFO] done 145/257 | RAW_20230719_144729.880.sgy | split_02_ch2650_3055
[INFO] done 145/257 | RAW_20230719_144729.880.sgy | split_03_ch3100_3505
[INFO] done 145/257 | RAW_20230719_144729.880.sgy | split_04_ch3550_3955
[INFO] done 146/257 | RAW_20230719_145559.460.sgy | split_01_ch2200_2605
[INFO] done 146/257 | RAW_20230719_145559.460.sgy | split_02_ch2650_3055
[INFO] done 146/257 | RAW_20230719_145559.460.sgy | split_03_ch3100_3505
[INFO] done 146/257 | RAW_20230719_145559.460.sgy | split_04_ch3550_3955
[INFO] done 147/257 | RAW_20230719_152521.700.sgy | split_01_ch2200_2605
[INFO] done 147/257 | RAW_20230719_152521.700.sgy | split_02_ch2650_3055
[INFO] done 147/257 | RAW_20230719_152521.700.sgy | split_03_ch3100_3505
[INFO] done 147/257 | RAW_20230719_152521.700.sgy | split_04_ch3550_3955
[INFO] done 148/257 | RAW_20230719_154038.400.sgy | split_01_ch2200_2605
[INFO] done 148/257 | RAW_20230719_154038.400.sgy | split_02_ch2650_3055
[INFO] done 148/257 | RAW_20230719_154038.400.sgy | split_03_ch3100_3505
[INFO] done 148/257 | RAW_20230719_154038.400.sgy | split_04_ch3550_3955
[INFO] done 149/257 | RAW_20230719_154546.400.sgy | split_01_ch2200_2605
[INFO] done 149/257 | RAW_20230719_154546.400.sgy | split_02_ch2650_3055
[INFO] done 149/257 | RAW_20230719_154546.400.sgy | split_03_ch3100_3505
[INFO] done 149/257 | RAW_20230719_154546.400.sgy | split_04_ch3550_3955
[INFO] done 150/257 | RAW_20230719_155048.700.sgy | split_01_ch2200_2605
[INFO] done 150/257 | RAW_20230719_155048.700.sgy | split_02_ch2650_3055
[INFO] done 150/257 | RAW_20230719_155048.700.sgy | split_03_ch3100_3505
[INFO] done 150/257 | RAW_20230719_155048.700.sgy | split_04_ch3550_3955
[INFO] done 151/257 | RAW_20230719_155614.680.sgy | split_01_ch2200_2605
[INFO] done 151/257 | RAW_20230719_155614.680.sgy | split_02_ch2650_3055
[INFO] done 151/257 | RAW_20230719_155614.680.sgy | split_03_ch3100_3505
[INFO] done 151/257 | RAW_20230719_155614.680.sgy | split_04_ch3550_3955
[INFO] done 152/257 | RAW_20230719_155920.240.sgy | split_01_ch2200_2605
[INFO] done 152/257 | RAW_20230719_155920.240.sgy | split_02_ch2650_3055
[INFO] done 152/257 | RAW_20230719_155920.240.sgy | split_03_ch3100_3505
[INFO] done 152/257 | RAW_20230719_155920.240.sgy | split_04_ch3550_3955
[INFO] done 153/257 | RAW_20230719_160406.840.sgy | split_01_ch2200_2605
[INFO] done 153/257 | RAW_20230719_160406.840.sgy | split_02_ch2650_3055
[INFO] done 153/257 | RAW_20230719_160406.840.sgy | split_03_ch3100_3505
[INFO] done 153/257 | RAW_20230719_160406.840.sgy | split_04_ch3550_3955
[INFO] done 154/257 | RAW_20230719_160545.080.sgy | split_01_ch2200_2605
[INFO] done 154/257 | RAW_20230719_160545.080.sgy | split_02_ch2650_3055
[INFO] done 154/257 | RAW_20230719_160545.080.sgy | split_03_ch3100_3505
[INFO] done 154/257 | RAW_20230719_160545.080.sgy | split_04_ch3550_3955
[INFO] done 155/257 | RAW_20230719_160610.400.sgy | split_01_ch2200_2605
[INFO] done 155/257 | RAW_20230719_160610.400.sgy | split_02_ch2650_3055
[INFO] done 155/257 | RAW_20230719_160610.400.sgy | split_03_ch3100_3505
[INFO] done 155/257 | RAW_20230719_160610.400.sgy | split_04_ch3550_3955
[INFO] done 156/257 | RAW_20230719_160728.180.sgy | split_01_ch2200_2605
[INFO] done 156/257 | RAW_20230719_160728.180.sgy | split_02_ch2650_3055
[INFO] done 156/257 | RAW_20230719_160728.180.sgy | split_03_ch3100_3505
[INFO] done 156/257 | RAW_20230719_160728.180.sgy | split_04_ch3550_3955
[INFO] done 157/257 | RAW_20230719_164452.140.sgy | split_01_ch2200_2605
[INFO] done 157/257 | RAW_20230719_164452.140.sgy | split_02_ch2650_3055
[INFO] done 157/257 | RAW_20230719_164452.140.sgy | split_03_ch3100_3505
[INFO] done 157/257 | RAW_20230719_164452.140.sgy | split_04_ch3550_3955
[INFO] done 158/257 | RAW_20230719_165322.460.sgy | split_01_ch2200_2605
[INFO] done 158/257 | RAW_20230719_165322.460.sgy | split_02_ch2650_3055
[INFO] done 158/257 | RAW_20230719_165322.460.sgy | split_03_ch3100_3505
[INFO] done 158/257 | RAW_20230719_165322.460.sgy | split_04_ch3550_3955
[INFO] done 159/257 | RAW_20230719_165449.380.sgy | split_01_ch2200_2605
[INFO] done 159/257 | RAW_20230719_165449.380.sgy | split_02_ch2650_3055
[INFO] done 159/257 | RAW_20230719_165449.380.sgy | split_03_ch3100_3505
[INFO] done 159/257 | RAW_20230719_165449.380.sgy | split_04_ch3550_3955
[INFO] done 160/257 | RAW_20230719_165622.080.sgy | split_01_ch2200_2605
[INFO] done 160/257 | RAW_20230719_165622.080.sgy | split_02_ch2650_3055
[INFO] done 160/257 | RAW_20230719_165622.080.sgy | split_03_ch3100_3505
[INFO] done 160/257 | RAW_20230719_165622.080.sgy | split_04_ch3550_3955
[INFO] done 161/257 | RAW_20230719_165628.340.sgy | split_01_ch2200_2605
[INFO] done 161/257 | RAW_20230719_165628.340.sgy | split_02_ch2650_3055
[INFO] done 161/257 | RAW_20230719_165628.340.sgy | split_03_ch3100_3505
[INFO] done 161/257 | RAW_20230719_165628.340.sgy | split_04_ch3550_3955
[INFO] done 162/257 | RAW_20230719_165933.780.sgy | split_01_ch2200_2605
[INFO] done 162/257 | RAW_20230719_165933.780.sgy | split_02_ch2650_3055
[INFO] done 162/257 | RAW_20230719_165933.780.sgy | split_03_ch3100_3505
[INFO] done 162/257 | RAW_20230719_165933.780.sgy | split_04_ch3550_3955
[INFO] done 163/257 | RAW_20230719_170725.580.sgy | split_01_ch2200_2605
[INFO] done 163/257 | RAW_20230719_170725.580.sgy | split_02_ch2650_3055
[INFO] done 163/257 | RAW_20230719_170725.580.sgy | split_03_ch3100_3505
[INFO] done 163/257 | RAW_20230719_170725.580.sgy | split_04_ch3550_3955
[INFO] done 164/257 | RAW_20230719_172342.680.sgy | split_01_ch2200_2605
[INFO] done 164/257 | RAW_20230719_172342.680.sgy | split_02_ch2650_3055
[INFO] done 164/257 | RAW_20230719_172342.680.sgy | split_03_ch3100_3505
[INFO] done 164/257 | RAW_20230719_172342.680.sgy | split_04_ch3550_3955
[INFO] done 165/257 | RAW_20230719_172520.440.sgy | split_01_ch2200_2605
[INFO] done 165/257 | RAW_20230719_172520.440.sgy | split_02_ch2650_3055
[INFO] done 165/257 | RAW_20230719_172520.440.sgy | split_03_ch3100_3505
[INFO] done 165/257 | RAW_20230719_172520.440.sgy | split_04_ch3550_3955
[INFO] done 166/257 | RAW_20230719_172543.760.sgy | split_01_ch2200_2605
[INFO] done 166/257 | RAW_20230719_172543.760.sgy | split_02_ch2650_3055
[INFO] done 166/257 | RAW_20230719_172543.760.sgy | split_03_ch3100_3505
[INFO] done 166/257 | RAW_20230719_172543.760.sgy | split_04_ch3550_3955
[INFO] done 167/257 | RAW_20230719_172727.460.sgy | split_01_ch2200_2605
[INFO] done 167/257 | RAW_20230719_172727.460.sgy | split_02_ch2650_3055
[INFO] done 167/257 | RAW_20230719_172727.460.sgy | split_03_ch3100_3505
[INFO] done 167/257 | RAW_20230719_172727.460.sgy | split_04_ch3550_3955
[INFO] done 168/257 | RAW_20230719_175813.300.sgy | split_01_ch2200_2605
[INFO] done 168/257 | RAW_20230719_175813.300.sgy | split_02_ch2650_3055
[INFO] done 168/257 | RAW_20230719_175813.300.sgy | split_03_ch3100_3505
[INFO] done 168/257 | RAW_20230719_175813.300.sgy | split_04_ch3550_3955
[INFO] done 169/257 | RAW_20230719_175832.800.sgy | split_01_ch2200_2605
[INFO] done 169/257 | RAW_20230719_175832.800.sgy | split_02_ch2650_3055
[INFO] done 169/257 | RAW_20230719_175832.800.sgy | split_03_ch3100_3505
[INFO] done 169/257 | RAW_20230719_175832.800.sgy | split_04_ch3550_3955
[INFO] done 170/257 | RAW_20230719_180055.120.sgy | split_01_ch2200_2605
[INFO] done 170/257 | RAW_20230719_180055.120.sgy | split_02_ch2650_3055
[INFO] done 170/257 | RAW_20230719_180055.120.sgy | split_03_ch3100_3505
[INFO] done 170/257 | RAW_20230719_180055.120.sgy | split_04_ch3550_3955
[INFO] done 171/257 | RAW_20230719_182040.280.sgy | split_01_ch2200_2605
[INFO] done 171/257 | RAW_20230719_182040.280.sgy | split_02_ch2650_3055
[INFO] done 171/257 | RAW_20230719_182040.280.sgy | split_03_ch3100_3505
[INFO] done 171/257 | RAW_20230719_182040.280.sgy | split_04_ch3550_3955
[INFO] done 172/257 | RAW_20230719_183600.700.sgy | split_01_ch2200_2605
[INFO] done 172/257 | RAW_20230719_183600.700.sgy | split_02_ch2650_3055
[INFO] done 172/257 | RAW_20230719_183600.700.sgy | split_03_ch3100_3505
[INFO] done 172/257 | RAW_20230719_183600.700.sgy | split_04_ch3550_3955
[INFO] done 173/257 | RAW_20230719_183623.100.sgy | split_01_ch2200_2605
[INFO] done 173/257 | RAW_20230719_183623.100.sgy | split_02_ch2650_3055
[INFO] done 173/257 | RAW_20230719_183623.100.sgy | split_03_ch3100_3505
[INFO] done 173/257 | RAW_20230719_183623.100.sgy | split_04_ch3550_3955
[INFO] done 174/257 | RAW_20230719_183924.280.sgy | split_01_ch2200_2605
[INFO] done 174/257 | RAW_20230719_183924.280.sgy | split_02_ch2650_3055
[INFO] done 174/257 | RAW_20230719_183924.280.sgy | split_03_ch3100_3505
[INFO] done 174/257 | RAW_20230719_183924.280.sgy | split_04_ch3550_3955
[INFO] done 175/257 | RAW_20230719_184810.040.sgy | split_01_ch2200_2605
[INFO] done 175/257 | RAW_20230719_184810.040.sgy | split_02_ch2650_3055
[INFO] done 175/257 | RAW_20230719_184810.040.sgy | split_03_ch3100_3505
[INFO] done 175/257 | RAW_20230719_184810.040.sgy | split_04_ch3550_3955
[INFO] done 176/257 | RAW_20230719_190923.700.sgy | split_01_ch2200_2605
[INFO] done 176/257 | RAW_20230719_190923.700.sgy | split_02_ch2650_3055
[INFO] done 176/257 | RAW_20230719_190923.700.sgy | split_03_ch3100_3505
[INFO] done 176/257 | RAW_20230719_190923.700.sgy | split_04_ch3550_3955
[INFO] done 177/257 | RAW_20230719_191730.240.sgy | split_01_ch2200_2605
[INFO] done 177/257 | RAW_20230719_191730.240.sgy | split_02_ch2650_3055
[INFO] done 177/257 | RAW_20230719_191730.240.sgy | split_03_ch3100_3505
[INFO] done 177/257 | RAW_20230719_191730.240.sgy | split_04_ch3550_3955
[INFO] done 178/257 | RAW_20230719_192119.580.sgy | split_01_ch2200_2605
[INFO] done 178/257 | RAW_20230719_192119.580.sgy | split_02_ch2650_3055
[INFO] done 178/257 | RAW_20230719_192119.580.sgy | split_03_ch3100_3505
[INFO] done 178/257 | RAW_20230719_192119.580.sgy | split_04_ch3550_3955
[INFO] done 179/257 | RAW_20230719_192324.520.sgy | split_01_ch2200_2605
[INFO] done 179/257 | RAW_20230719_192324.520.sgy | split_02_ch2650_3055
[INFO] done 179/257 | RAW_20230719_192324.520.sgy | split_03_ch3100_3505
[INFO] done 179/257 | RAW_20230719_192324.520.sgy | split_04_ch3550_3955
[INFO] done 180/257 | RAW_20230719_195243.480.sgy | split_01_ch2200_2605
[INFO] done 180/257 | RAW_20230719_195243.480.sgy | split_02_ch2650_3055
[INFO] done 180/257 | RAW_20230719_195243.480.sgy | split_03_ch3100_3505
[INFO] done 180/257 | RAW_20230719_195243.480.sgy | split_04_ch3550_3955
[INFO] done 181/257 | RAW_20230719_200016.600.sgy | split_01_ch2200_2605
[INFO] done 181/257 | RAW_20230719_200016.600.sgy | split_02_ch2650_3055
[INFO] done 181/257 | RAW_20230719_200016.600.sgy | split_03_ch3100_3505
[INFO] done 181/257 | RAW_20230719_200016.600.sgy | split_04_ch3550_3955
[INFO] done 182/257 | RAW_20230719_202520.200.sgy | split_01_ch2200_2605
[INFO] done 182/257 | RAW_20230719_202520.200.sgy | split_02_ch2650_3055
[INFO] done 182/257 | RAW_20230719_202520.200.sgy | split_03_ch3100_3505
[INFO] done 182/257 | RAW_20230719_202520.200.sgy | split_04_ch3550_3955
[INFO] done 183/257 | RAW_20230719_203619.360.sgy | split_01_ch2200_2605
[INFO] done 183/257 | RAW_20230719_203619.360.sgy | split_02_ch2650_3055
[INFO] done 183/257 | RAW_20230719_203619.360.sgy | split_03_ch3100_3505
[INFO] done 183/257 | RAW_20230719_203619.360.sgy | split_04_ch3550_3955
[INFO] done 184/257 | RAW_20230719_205922.900.sgy | split_01_ch2200_2605
[INFO] done 184/257 | RAW_20230719_205922.900.sgy | split_02_ch2650_3055
[INFO] done 184/257 | RAW_20230719_205922.900.sgy | split_03_ch3100_3505
[INFO] done 184/257 | RAW_20230719_205922.900.sgy | split_04_ch3550_3955
[INFO] done 185/257 | RAW_20230719_210647.360.sgy | split_01_ch2200_2605
[INFO] done 185/257 | RAW_20230719_210647.360.sgy | split_02_ch2650_3055
[INFO] done 185/257 | RAW_20230719_210647.360.sgy | split_03_ch3100_3505
[INFO] done 185/257 | RAW_20230719_210647.360.sgy | split_04_ch3550_3955
[INFO] done 186/257 | RAW_20230719_212938.900.sgy | split_01_ch2200_2605
[INFO] done 186/257 | RAW_20230719_212938.900.sgy | split_02_ch2650_3055
[INFO] done 186/257 | RAW_20230719_212938.900.sgy | split_03_ch3100_3505
[INFO] done 186/257 | RAW_20230719_212938.900.sgy | split_04_ch3550_3955
[INFO] done 187/257 | RAW_20230719_214758.140.sgy | split_01_ch2200_2605
[INFO] done 187/257 | RAW_20230719_214758.140.sgy | split_02_ch2650_3055
[INFO] done 187/257 | RAW_20230719_214758.140.sgy | split_03_ch3100_3505
[INFO] done 187/257 | RAW_20230719_214758.140.sgy | split_04_ch3550_3955
[INFO] done 188/257 | RAW_20230719_221324.580.sgy | split_01_ch2200_2605
[INFO] done 188/257 | RAW_20230719_221324.580.sgy | split_02_ch2650_3055
[INFO] done 188/257 | RAW_20230719_221324.580.sgy | split_03_ch3100_3505
[INFO] done 188/257 | RAW_20230719_221324.580.sgy | split_04_ch3550_3955
[INFO] done 189/257 | RAW_20230719_223221.820.sgy | split_01_ch2200_2605
[INFO] done 189/257 | RAW_20230719_223221.820.sgy | split_02_ch2650_3055
[INFO] done 189/257 | RAW_20230719_223221.820.sgy | split_03_ch3100_3505
[INFO] done 189/257 | RAW_20230719_223221.820.sgy | split_04_ch3550_3955
[INFO] done 190/257 | RAW_20230719_223604.600.sgy | split_01_ch2200_2605
[INFO] done 190/257 | RAW_20230719_223604.600.sgy | split_02_ch2650_3055
[INFO] done 190/257 | RAW_20230719_223604.600.sgy | split_03_ch3100_3505
[INFO] done 190/257 | RAW_20230719_223604.600.sgy | split_04_ch3550_3955
[INFO] done 191/257 | RAW_20230719_231149.120.sgy | split_01_ch2200_2605
[INFO] done 191/257 | RAW_20230719_231149.120.sgy | split_02_ch2650_3055
[INFO] done 191/257 | RAW_20230719_231149.120.sgy | split_03_ch3100_3505
[INFO] done 191/257 | RAW_20230719_231149.120.sgy | split_04_ch3550_3955
[INFO] done 192/257 | RAW_20230719_234254.620.sgy | split_01_ch2200_2605
[INFO] done 192/257 | RAW_20230719_234254.620.sgy | split_02_ch2650_3055
[INFO] done 192/257 | RAW_20230719_234254.620.sgy | split_03_ch3100_3505
[INFO] done 192/257 | RAW_20230719_234254.620.sgy | split_04_ch3550_3955
[INFO] done 193/257 | RAW_20230720_000643.220.sgy | split_01_ch2200_2605
[INFO] done 193/257 | RAW_20230720_000643.220.sgy | split_02_ch2650_3055
[INFO] done 193/257 | RAW_20230720_000643.220.sgy | split_03_ch3100_3505
[INFO] done 193/257 | RAW_20230720_000643.220.sgy | split_04_ch3550_3955
[INFO] done 194/257 | RAW_20230720_023811.180.sgy | split_01_ch2200_2605
[INFO] done 194/257 | RAW_20230720_023811.180.sgy | split_02_ch2650_3055
[INFO] done 194/257 | RAW_20230720_023811.180.sgy | split_03_ch3100_3505
[INFO] done 194/257 | RAW_20230720_023811.180.sgy | split_04_ch3550_3955
[INFO] done 195/257 | RAW_20230720_044440.060.sgy | split_01_ch2200_2605
[INFO] done 195/257 | RAW_20230720_044440.060.sgy | split_02_ch2650_3055
[INFO] done 195/257 | RAW_20230720_044440.060.sgy | split_03_ch3100_3505
[INFO] done 195/257 | RAW_20230720_044440.060.sgy | split_04_ch3550_3955
[INFO] done 196/257 | RAW_20230720_060050.400.sgy | split_01_ch2200_2605
[INFO] done 196/257 | RAW_20230720_060050.400.sgy | split_02_ch2650_3055
[INFO] done 196/257 | RAW_20230720_060050.400.sgy | split_03_ch3100_3505
[INFO] done 196/257 | RAW_20230720_060050.400.sgy | split_04_ch3550_3955
[INFO] done 197/257 | RAW_20230720_073607.100.sgy | split_01_ch2200_2605
[INFO] done 197/257 | RAW_20230720_073607.100.sgy | split_02_ch2650_3055
[INFO] done 197/257 | RAW_20230720_073607.100.sgy | split_03_ch3100_3505
[INFO] done 197/257 | RAW_20230720_073607.100.sgy | split_04_ch3550_3955
[INFO] done 198/257 | RAW_20230720_073746.420.sgy | split_01_ch2200_2605
[INFO] done 198/257 | RAW_20230720_073746.420.sgy | split_02_ch2650_3055
[INFO] done 198/257 | RAW_20230720_073746.420.sgy | split_03_ch3100_3505
[INFO] done 198/257 | RAW_20230720_073746.420.sgy | split_04_ch3550_3955
[INFO] done 199/257 | RAW_20230720_074335.220.sgy | split_01_ch2200_2605
[INFO] done 199/257 | RAW_20230720_074335.220.sgy | split_02_ch2650_3055
[INFO] done 199/257 | RAW_20230720_074335.220.sgy | split_03_ch3100_3505
[INFO] done 199/257 | RAW_20230720_074335.220.sgy | split_04_ch3550_3955
[INFO] done 200/257 | RAW_20230720_074747.500.sgy | split_01_ch2200_2605
[INFO] done 200/257 | RAW_20230720_074747.500.sgy | split_02_ch2650_3055
[INFO] done 200/257 | RAW_20230720_074747.500.sgy | split_03_ch3100_3505
[INFO] done 200/257 | RAW_20230720_074747.500.sgy | split_04_ch3550_3955
[INFO] done 201/257 | RAW_20230720_075606.580.sgy | split_01_ch2200_2605
[INFO] done 201/257 | RAW_20230720_075606.580.sgy | split_02_ch2650_3055
[INFO] done 201/257 | RAW_20230720_075606.580.sgy | split_03_ch3100_3505
[INFO] done 201/257 | RAW_20230720_075606.580.sgy | split_04_ch3550_3955
[INFO] done 202/257 | RAW_20230720_080229.500.sgy | split_01_ch2200_2605
[INFO] done 202/257 | RAW_20230720_080229.500.sgy | split_02_ch2650_3055
[INFO] done 202/257 | RAW_20230720_080229.500.sgy | split_03_ch3100_3505
[INFO] done 202/257 | RAW_20230720_080229.500.sgy | split_04_ch3550_3955
[INFO] done 203/257 | RAW_20230720_080748.780.sgy | split_01_ch2200_2605
[INFO] done 203/257 | RAW_20230720_080748.780.sgy | split_02_ch2650_3055
[INFO] done 203/257 | RAW_20230720_080748.780.sgy | split_03_ch3100_3505
[INFO] done 203/257 | RAW_20230720_080748.780.sgy | split_04_ch3550_3955
[INFO] done 204/257 | RAW_20230720_081010.300.sgy | split_01_ch2200_2605
[INFO] done 204/257 | RAW_20230720_081010.300.sgy | split_02_ch2650_3055
[INFO] done 204/257 | RAW_20230720_081010.300.sgy | split_03_ch3100_3505
[INFO] done 204/257 | RAW_20230720_081010.300.sgy | split_04_ch3550_3955
[INFO] done 205/257 | RAW_20230720_081226.360.sgy | split_01_ch2200_2605
[INFO] done 205/257 | RAW_20230720_081226.360.sgy | split_02_ch2650_3055
[INFO] done 205/257 | RAW_20230720_081226.360.sgy | split_03_ch3100_3505
[INFO] done 205/257 | RAW_20230720_081226.360.sgy | split_04_ch3550_3955
[INFO] done 206/257 | RAW_20230720_081302.320.sgy | split_01_ch2200_2605
[INFO] done 206/257 | RAW_20230720_081302.320.sgy | split_02_ch2650_3055
[INFO] done 206/257 | RAW_20230720_081302.320.sgy | split_03_ch3100_3505
[INFO] done 206/257 | RAW_20230720_081302.320.sgy | split_04_ch3550_3955
[INFO] done 207/257 | RAW_20230720_082148.080.sgy | split_01_ch2200_2605
[INFO] done 207/257 | RAW_20230720_082148.080.sgy | split_02_ch2650_3055
[INFO] done 207/257 | RAW_20230720_082148.080.sgy | split_03_ch3100_3505
[INFO] done 207/257 | RAW_20230720_082148.080.sgy | split_04_ch3550_3955
[INFO] done 208/257 | RAW_20230720_082210.760.sgy | split_01_ch2200_2605
[INFO] done 208/257 | RAW_20230720_082210.760.sgy | split_02_ch2650_3055
[INFO] done 208/257 | RAW_20230720_082210.760.sgy | split_03_ch3100_3505
[INFO] done 208/257 | RAW_20230720_082210.760.sgy | split_04_ch3550_3955
[INFO] done 209/257 | RAW_20230720_082338.880.sgy | split_01_ch2200_2605
[INFO] done 209/257 | RAW_20230720_082338.880.sgy | split_02_ch2650_3055
[INFO] done 209/257 | RAW_20230720_082338.880.sgy | split_03_ch3100_3505
[INFO] done 209/257 | RAW_20230720_082338.880.sgy | split_04_ch3550_3955
[INFO] done 210/257 | RAW_20230720_082913.020.sgy | split_01_ch2200_2605
[INFO] done 210/257 | RAW_20230720_082913.020.sgy | split_02_ch2650_3055
[INFO] done 210/257 | RAW_20230720_082913.020.sgy | split_03_ch3100_3505
[INFO] done 210/257 | RAW_20230720_082913.020.sgy | split_04_ch3550_3955
[INFO] done 211/257 | RAW_20230720_084459.700.sgy | split_01_ch2200_2605
[INFO] done 211/257 | RAW_20230720_084459.700.sgy | split_02_ch2650_3055
[INFO] done 211/257 | RAW_20230720_084459.700.sgy | split_03_ch3100_3505
[INFO] done 211/257 | RAW_20230720_084459.700.sgy | split_04_ch3550_3955
[INFO] done 212/257 | RAW_20230720_084636.400.sgy | split_01_ch2200_2605
[INFO] done 212/257 | RAW_20230720_084636.400.sgy | split_02_ch2650_3055
[INFO] done 212/257 | RAW_20230720_084636.400.sgy | split_03_ch3100_3505
[INFO] done 212/257 | RAW_20230720_084636.400.sgy | split_04_ch3550_3955
[INFO] done 213/257 | RAW_20230720_085240.640.sgy | split_01_ch2200_2605
[INFO] done 213/257 | RAW_20230720_085240.640.sgy | split_02_ch2650_3055
[INFO] done 213/257 | RAW_20230720_085240.640.sgy | split_03_ch3100_3505
[INFO] done 213/257 | RAW_20230720_085240.640.sgy | split_04_ch3550_3955
[INFO] done 214/257 | RAW_20230720_085518.820.sgy | split_01_ch2200_2605
[INFO] done 214/257 | RAW_20230720_085518.820.sgy | split_02_ch2650_3055
[INFO] done 214/257 | RAW_20230720_085518.820.sgy | split_03_ch3100_3505
[INFO] done 214/257 | RAW_20230720_085518.820.sgy | split_04_ch3550_3955
[INFO] done 215/257 | RAW_20230720_085822.540.sgy | split_01_ch2200_2605
[INFO] done 215/257 | RAW_20230720_085822.540.sgy | split_02_ch2650_3055
[INFO] done 215/257 | RAW_20230720_085822.540.sgy | split_03_ch3100_3505
[INFO] done 215/257 | RAW_20230720_085822.540.sgy | split_04_ch3550_3955
[INFO] done 216/257 | RAW_20230720_090113.160.sgy | split_01_ch2200_2605
[INFO] done 216/257 | RAW_20230720_090113.160.sgy | split_02_ch2650_3055
[INFO] done 216/257 | RAW_20230720_090113.160.sgy | split_03_ch3100_3505
[INFO] done 216/257 | RAW_20230720_090113.160.sgy | split_04_ch3550_3955
[INFO] done 217/257 | RAW_20230720_090602.640.sgy | split_01_ch2200_2605
[INFO] done 217/257 | RAW_20230720_090602.640.sgy | split_02_ch2650_3055
[INFO] done 217/257 | RAW_20230720_090602.640.sgy | split_03_ch3100_3505
[INFO] done 217/257 | RAW_20230720_090602.640.sgy | split_04_ch3550_3955
[INFO] done 218/257 | RAW_20230720_091146.460.sgy | split_01_ch2200_2605
[INFO] done 218/257 | RAW_20230720_091146.460.sgy | split_02_ch2650_3055
[INFO] done 218/257 | RAW_20230720_091146.460.sgy | split_03_ch3100_3505
[INFO] done 218/257 | RAW_20230720_091146.460.sgy | split_04_ch3550_3955
[INFO] done 219/257 | RAW_20230720_091213.760.sgy | split_01_ch2200_2605
[INFO] done 219/257 | RAW_20230720_091213.760.sgy | split_02_ch2650_3055
[INFO] done 219/257 | RAW_20230720_091213.760.sgy | split_03_ch3100_3505
[INFO] done 219/257 | RAW_20230720_091213.760.sgy | split_04_ch3550_3955
[INFO] done 220/257 | RAW_20230720_091251.500.sgy | split_01_ch2200_2605
[INFO] done 220/257 | RAW_20230720_091251.500.sgy | split_02_ch2650_3055
[INFO] done 220/257 | RAW_20230720_091251.500.sgy | split_03_ch3100_3505
[INFO] done 220/257 | RAW_20230720_091251.500.sgy | split_04_ch3550_3955
[INFO] done 221/257 | RAW_20230720_091336.660.sgy | split_01_ch2200_2605
[INFO] done 221/257 | RAW_20230720_091336.660.sgy | split_02_ch2650_3055
[INFO] done 221/257 | RAW_20230720_091336.660.sgy | split_03_ch3100_3505
[INFO] done 221/257 | RAW_20230720_091336.660.sgy | split_04_ch3550_3955
[INFO] done 222/257 | RAW_20230720_091628.360.sgy | split_01_ch2200_2605
[INFO] done 222/257 | RAW_20230720_091628.360.sgy | split_02_ch2650_3055
[INFO] done 222/257 | RAW_20230720_091628.360.sgy | split_03_ch3100_3505
[INFO] done 222/257 | RAW_20230720_091628.360.sgy | split_04_ch3550_3955
[INFO] done 223/257 | RAW_20230720_092029.360.sgy | split_01_ch2200_2605
[INFO] done 223/257 | RAW_20230720_092029.360.sgy | split_02_ch2650_3055
[INFO] done 223/257 | RAW_20230720_092029.360.sgy | split_03_ch3100_3505
[INFO] done 223/257 | RAW_20230720_092029.360.sgy | split_04_ch3550_3955
[INFO] done 224/257 | RAW_20230720_092650.140.sgy | split_01_ch2200_2605
[INFO] done 224/257 | RAW_20230720_092650.140.sgy | split_02_ch2650_3055
[INFO] done 224/257 | RAW_20230720_092650.140.sgy | split_03_ch3100_3505
[INFO] done 224/257 | RAW_20230720_092650.140.sgy | split_04_ch3550_3955
[INFO] done 225/257 | RAW_20230720_093708.020.sgy | split_01_ch2200_2605
[INFO] done 225/257 | RAW_20230720_093708.020.sgy | split_02_ch2650_3055
[INFO] done 225/257 | RAW_20230720_093708.020.sgy | split_03_ch3100_3505
[INFO] done 225/257 | RAW_20230720_093708.020.sgy | split_04_ch3550_3955
[INFO] done 226/257 | RAW_20230720_093718.140.sgy | split_01_ch2200_2605
[INFO] done 226/257 | RAW_20230720_093718.140.sgy | split_02_ch2650_3055
[INFO] done 226/257 | RAW_20230720_093718.140.sgy | split_03_ch3100_3505
[INFO] done 226/257 | RAW_20230720_093718.140.sgy | split_04_ch3550_3955
[INFO] done 227/257 | RAW_20230720_093747.780.sgy | split_01_ch2200_2605
[INFO] done 227/257 | RAW_20230720_093747.780.sgy | split_02_ch2650_3055
[INFO] done 227/257 | RAW_20230720_093747.780.sgy | split_03_ch3100_3505
[INFO] done 227/257 | RAW_20230720_093747.780.sgy | split_04_ch3550_3955
[INFO] done 228/257 | RAW_20230720_093949.540.sgy | split_01_ch2200_2605
[INFO] done 228/257 | RAW_20230720_093949.540.sgy | split_02_ch2650_3055
[INFO] done 228/257 | RAW_20230720_093949.540.sgy | split_03_ch3100_3505
[INFO] done 228/257 | RAW_20230720_093949.540.sgy | split_04_ch3550_3955
[INFO] done 229/257 | RAW_20230720_094558.960.sgy | split_01_ch2200_2605
[INFO] done 229/257 | RAW_20230720_094558.960.sgy | split_02_ch2650_3055
[INFO] done 229/257 | RAW_20230720_094558.960.sgy | split_03_ch3100_3505
[INFO] done 229/257 | RAW_20230720_094558.960.sgy | split_04_ch3550_3955
[INFO] done 230/257 | RAW_20230720_100612.340.sgy | split_01_ch2200_2605
[INFO] done 230/257 | RAW_20230720_100612.340.sgy | split_02_ch2650_3055
[INFO] done 230/257 | RAW_20230720_100612.340.sgy | split_03_ch3100_3505
[INFO] done 230/257 | RAW_20230720_100612.340.sgy | split_04_ch3550_3955
[INFO] done 231/257 | RAW_20230720_101540.600.sgy | split_01_ch2200_2605
[INFO] done 231/257 | RAW_20230720_101540.600.sgy | split_02_ch2650_3055
[INFO] done 231/257 | RAW_20230720_101540.600.sgy | split_03_ch3100_3505
[INFO] done 231/257 | RAW_20230720_101540.600.sgy | split_04_ch3550_3955
[INFO] done 232/257 | RAW_20230720_102640.800.sgy | split_01_ch2200_2605
[INFO] done 232/257 | RAW_20230720_102640.800.sgy | split_02_ch2650_3055
[INFO] done 232/257 | RAW_20230720_102640.800.sgy | split_03_ch3100_3505
[INFO] done 232/257 | RAW_20230720_102640.800.sgy | split_04_ch3550_3955
[INFO] done 233/257 | RAW_20230720_102741.860.sgy | split_01_ch2200_2605
[INFO] done 233/257 | RAW_20230720_102741.860.sgy | split_02_ch2650_3055
[INFO] done 233/257 | RAW_20230720_102741.860.sgy | split_03_ch3100_3505
[INFO] done 233/257 | RAW_20230720_102741.860.sgy | split_04_ch3550_3955
[INFO] done 234/257 | RAW_20230720_102829.840.sgy | split_01_ch2200_2605
[INFO] done 234/257 | RAW_20230720_102829.840.sgy | split_02_ch2650_3055
[INFO] done 234/257 | RAW_20230720_102829.840.sgy | split_03_ch3100_3505
[INFO] done 234/257 | RAW_20230720_102829.840.sgy | split_04_ch3550_3955
[INFO] done 235/257 | RAW_20230720_102910.380.sgy | split_01_ch2200_2605
[INFO] done 235/257 | RAW_20230720_102910.380.sgy | split_02_ch2650_3055
[INFO] done 235/257 | RAW_20230720_102910.380.sgy | split_03_ch3100_3505
[INFO] done 235/257 | RAW_20230720_102910.380.sgy | split_04_ch3550_3955
[INFO] done 236/257 | RAW_20230720_103428.100.sgy | split_01_ch2200_2605
[INFO] done 236/257 | RAW_20230720_103428.100.sgy | split_02_ch2650_3055
[INFO] done 236/257 | RAW_20230720_103428.100.sgy | split_03_ch3100_3505
[INFO] done 236/257 | RAW_20230720_103428.100.sgy | split_04_ch3550_3955
[INFO] done 237/257 | RAW_20230720_110328.540.sgy | split_01_ch2200_2605
[INFO] done 237/257 | RAW_20230720_110328.540.sgy | split_02_ch2650_3055
[INFO] done 237/257 | RAW_20230720_110328.540.sgy | split_03_ch3100_3505
[INFO] done 237/257 | RAW_20230720_110328.540.sgy | split_04_ch3550_3955
[INFO] done 238/257 | RAW_20230720_110747.940.sgy | split_01_ch2200_2605
[INFO] done 238/257 | RAW_20230720_110747.940.sgy | split_02_ch2650_3055
[INFO] done 238/257 | RAW_20230720_110747.940.sgy | split_03_ch3100_3505
[INFO] done 238/257 | RAW_20230720_110747.940.sgy | split_04_ch3550_3955
[INFO] done 239/257 | RAW_20230720_111005.680.sgy | split_01_ch2200_2605
[INFO] done 239/257 | RAW_20230720_111005.680.sgy | split_02_ch2650_3055
[INFO] done 239/257 | RAW_20230720_111005.680.sgy | split_03_ch3100_3505
[INFO] done 239/257 | RAW_20230720_111005.680.sgy | split_04_ch3550_3955
[INFO] done 240/257 | RAW_20230720_113700.260.sgy | split_01_ch2200_2605
[INFO] done 240/257 | RAW_20230720_113700.260.sgy | split_02_ch2650_3055
[INFO] done 240/257 | RAW_20230720_113700.260.sgy | split_03_ch3100_3505
[INFO] done 240/257 | RAW_20230720_113700.260.sgy | split_04_ch3550_3955
[INFO] done 241/257 | RAW_20230720_115655.360.sgy | split_01_ch2200_2605
[INFO] done 241/257 | RAW_20230720_115655.360.sgy | split_02_ch2650_3055
[INFO] done 241/257 | RAW_20230720_115655.360.sgy | split_03_ch3100_3505
[INFO] done 241/257 | RAW_20230720_115655.360.sgy | split_04_ch3550_3955
[INFO] done 242/257 | RAW_20230720_123042.460.sgy | split_01_ch2200_2605
[INFO] done 242/257 | RAW_20230720_123042.460.sgy | split_02_ch2650_3055
[INFO] done 242/257 | RAW_20230720_123042.460.sgy | split_03_ch3100_3505
[INFO] done 242/257 | RAW_20230720_123042.460.sgy | split_04_ch3550_3955
[INFO] done 243/257 | RAW_20230720_123256.300.sgy | split_01_ch2200_2605
[INFO] done 243/257 | RAW_20230720_123256.300.sgy | split_02_ch2650_3055
[INFO] done 243/257 | RAW_20230720_123256.300.sgy | split_03_ch3100_3505
[INFO] done 243/257 | RAW_20230720_123256.300.sgy | split_04_ch3550_3955
[INFO] done 244/257 | RAW_20230720_140009.780.sgy | split_01_ch2200_2605
[INFO] done 244/257 | RAW_20230720_140009.780.sgy | split_02_ch2650_3055
[INFO] done 244/257 | RAW_20230720_140009.780.sgy | split_03_ch3100_3505
[INFO] done 244/257 | RAW_20230720_140009.780.sgy | split_04_ch3550_3955
[INFO] done 245/257 | RAW_20230720_140416.920.sgy | split_01_ch2200_2605
[INFO] done 245/257 | RAW_20230720_140416.920.sgy | split_02_ch2650_3055
[INFO] done 245/257 | RAW_20230720_140416.920.sgy | split_03_ch3100_3505
[INFO] done 245/257 | RAW_20230720_140416.920.sgy | split_04_ch3550_3955
[INFO] done 246/257 | RAW_20230720_144510.080.sgy | split_01_ch2200_2605
[INFO] done 246/257 | RAW_20230720_144510.080.sgy | split_02_ch2650_3055
[INFO] done 246/257 | RAW_20230720_144510.080.sgy | split_03_ch3100_3505
[INFO] done 246/257 | RAW_20230720_144510.080.sgy | split_04_ch3550_3955
[INFO] done 247/257 | RAW_20230720_151525.720.sgy | split_01_ch2200_2605
[INFO] done 247/257 | RAW_20230720_151525.720.sgy | split_02_ch2650_3055
[INFO] done 247/257 | RAW_20230720_151525.720.sgy | split_03_ch3100_3505
[INFO] done 247/257 | RAW_20230720_151525.720.sgy | split_04_ch3550_3955
[INFO] done 248/257 | RAW_20230720_151605.460.sgy | split_01_ch2200_2605
[INFO] done 248/257 | RAW_20230720_151605.460.sgy | split_02_ch2650_3055
[INFO] done 248/257 | RAW_20230720_151605.460.sgy | split_03_ch3100_3505
[INFO] done 248/257 | RAW_20230720_151605.460.sgy | split_04_ch3550_3955
[INFO] done 249/257 | RAW_20230720_151640.020.sgy | split_01_ch2200_2605
[INFO] done 249/257 | RAW_20230720_151640.020.sgy | split_02_ch2650_3055
[INFO] done 249/257 | RAW_20230720_151640.020.sgy | split_03_ch3100_3505
[INFO] done 249/257 | RAW_20230720_151640.020.sgy | split_04_ch3550_3955
[INFO] done 250/257 | RAW_20230720_151855.840.sgy | split_01_ch2200_2605
[INFO] done 250/257 | RAW_20230720_151855.840.sgy | split_02_ch2650_3055
[INFO] done 250/257 | RAW_20230720_151855.840.sgy | split_03_ch3100_3505
[INFO] done 250/257 | RAW_20230720_151855.840.sgy | split_04_ch3550_3955
[INFO] done 251/257 | RAW_20230720_151955.380.sgy | split_01_ch2200_2605
[INFO] done 251/257 | RAW_20230720_151955.380.sgy | split_02_ch2650_3055
[INFO] done 251/257 | RAW_20230720_151955.380.sgy | split_03_ch3100_3505
[INFO] done 251/257 | RAW_20230720_151955.380.sgy | split_04_ch3550_3955
[INFO] done 252/257 | RAW_20230720_160024.380.sgy | split_01_ch2200_2605
[INFO] done 252/257 | RAW_20230720_160024.380.sgy | split_02_ch2650_3055
[INFO] done 252/257 | RAW_20230720_160024.380.sgy | split_03_ch3100_3505
[INFO] done 252/257 | RAW_20230720_160024.380.sgy | split_04_ch3550_3955
[INFO] done 253/257 | RAW_20230720_160528.760.sgy | split_01_ch2200_2605
[INFO] done 253/257 | RAW_20230720_160528.760.sgy | split_02_ch2650_3055
[INFO] done 253/257 | RAW_20230720_160528.760.sgy | split_03_ch3100_3505
[INFO] done 253/257 | RAW_20230720_160528.760.sgy | split_04_ch3550_3955
[INFO] done 254/257 | RAW_20230720_160916.140.sgy | split_01_ch2200_2605
[INFO] done 254/257 | RAW_20230720_160916.140.sgy | split_02_ch2650_3055
[INFO] done 254/257 | RAW_20230720_160916.140.sgy | split_03_ch3100_3505
[INFO] done 254/257 | RAW_20230720_160916.140.sgy | split_04_ch3550_3955
[INFO] done 255/257 | RAW_20230720_161020.100.sgy | split_01_ch2200_2605
[INFO] done 255/257 | RAW_20230720_161020.100.sgy | split_02_ch2650_3055
[INFO] done 255/257 | RAW_20230720_161020.100.sgy | split_03_ch3100_3505
[INFO] done 255/257 | RAW_20230720_161020.100.sgy | split_04_ch3550_3955
[INFO] done 256/257 | RAW_20230720_161206.400.sgy | split_01_ch2200_2605
[INFO] done 256/257 | RAW_20230720_161206.400.sgy | split_02_ch2650_3055
[INFO] done 256/257 | RAW_20230720_161206.400.sgy | split_03_ch3100_3505
[INFO] done 256/257 | RAW_20230720_161206.400.sgy | split_04_ch3550_3955
[INFO] done 257/257 | RAW_20230720_162855.320.sgy | split_01_ch2200_2605
[INFO] done 257/257 | RAW_20230720_162855.320.sgy | split_02_ch2650_3055
[INFO] done 257/257 | RAW_20230720_162855.320.sgy | split_03_ch3100_3505
[INFO] done 257/257 | RAW_20230720_162855.320.sgy | split_04_ch3550_3955
[DONE]
