2026-04-06 09:42:30,075 | INFO | ========== Build NPY Dataset Start ==========
2026-04-06 09:42:30,075 | INFO | out_root       : /home/ted1204/MS_Detection_Datamaker/MS_datamaker_FINAL/output_npy
2026-04-06 09:42:30,075 | INFO | csv inputs     : ['/home/ted1204/MS_Detection_Datamaker/MS_datamaker_FINAL/output/segment_plan_event.csv', '/home/ted1204/MS_Detection_Datamaker/MS_datamaker_FINAL/output/segment_plan_noise.csv', '/home/ted1204/MS_Detection_Datamaker/MS_datamaker_FINAL/output/segment_plan_unlabel.csv']
2026-04-06 09:42:30,076 | INFO | dtype          : float32
2026-04-06 09:42:30,076 | INFO | overwrite      : False
2026-04-06 09:42:30,076 | INFO | log_every      : 100
2026-04-06 09:42:30,076 | INFO | fallback fs    : None
2026-04-06 09:42:30,076 | INFO | target_fs      : 1000.0
2026-04-06 09:42:30,076 | INFO | site_fs_map    : {}
2026-04-06 09:42:30,076 | INFO | =============================================
2026-04-06 09:42:30,291 | INFO | Loaded CSV: /home/ted1204/MS_Detection_Datamaker/MS_datamaker_FINAL/output/segment_plan_event.csv | rows=2385
2026-04-06 09:42:30,483 | INFO | Loaded CSV: /home/ted1204/MS_Detection_Datamaker/MS_datamaker_FINAL/output/segment_plan_noise.csv | rows=3234
2026-04-06 09:42:31,021 | INFO | Loaded CSV: /home/ted1204/MS_Detection_Datamaker/MS_datamaker_FINAL/output/segment_plan_unlabel.csv | rows=14429
2026-04-06 09:42:31,028 | INFO | Total merged rows: 20048
2026-04-06 09:43:44,457 | INFO | processed=100/20048 (0.50%) | failed=0 | speed=1.36 samples/sec | elapsed=1.22 min
2026-04-06 09:44:55,223 | INFO | processed=200/20048 (1.00%) | failed=0 | speed=1.39 samples/sec | elapsed=2.40 min
2026-04-06 09:46:07,011 | INFO | processed=300/20048 (1.50%) | failed=0 | speed=1.39 samples/sec | elapsed=3.60 min
2026-04-06 09:47:06,656 | INFO | processed=400/20048 (2.00%) | failed=0 | speed=1.45 samples/sec | elapsed=4.59 min
2026-04-06 09:47:07,074 | INFO | processed=500/20048 (2.49%) | failed=0 | speed=1.81 samples/sec | elapsed=4.60 min
2026-04-06 09:47:07,472 | INFO | processed=600/20048 (2.99%) | failed=0 | speed=2.17 samples/sec | elapsed=4.61 min
2026-04-06 09:47:07,843 | INFO | processed=700/20048 (3.49%) | failed=0 | speed=2.53 samples/sec | elapsed=4.61 min
2026-04-06 09:47:08,215 | INFO | processed=800/20048 (3.99%) | failed=0 | speed=2.89 samples/sec | elapsed=4.62 min
2026-04-06 09:47:08,587 | INFO | processed=900/20048 (4.49%) | failed=0 | speed=3.24 samples/sec | elapsed=4.63 min
2026-04-06 09:47:08,957 | INFO | processed=1000/20048 (4.99%) | failed=0 | speed=3.60 samples/sec | elapsed=4.63 min
2026-04-06 09:47:09,329 | INFO | processed=1100/20048 (5.49%) | failed=0 | speed=3.95 samples/sec | elapsed=4.64 min
2026-04-06 09:47:09,692 | INFO | processed=1200/20048 (5.99%) | failed=0 | speed=4.31 samples/sec | elapsed=4.64 min
2026-04-06 09:47:10,081 | INFO | processed=1300/20048 (6.48%) | failed=0 | speed=4.66 samples/sec | elapsed=4.65 min
2026-04-06 09:47:10,482 | INFO | processed=1400/20048 (6.98%) | failed=0 | speed=5.01 samples/sec | elapsed=4.66 min
2026-04-06 09:47:10,861 | INFO | processed=1500/20048 (7.48%) | failed=0 | speed=5.36 samples/sec | elapsed=4.66 min
2026-04-06 09:47:11,235 | INFO | processed=1600/20048 (7.98%) | failed=0 | speed=5.71 samples/sec | elapsed=4.67 min
2026-04-06 09:47:11,603 | INFO | processed=1700/20048 (8.48%) | failed=0 | speed=6.06 samples/sec | elapsed=4.68 min
2026-04-06 09:47:11,968 | INFO | processed=1800/20048 (8.98%) | failed=0 | speed=6.41 samples/sec | elapsed=4.68 min
2026-04-06 09:47:12,339 | INFO | processed=1900/20048 (9.48%) | failed=0 | speed=6.75 samples/sec | elapsed=4.69 min
2026-04-06 09:47:12,710 | INFO | processed=2000/20048 (9.98%) | failed=0 | speed=7.10 samples/sec | elapsed=4.69 min
2026-04-06 09:47:13,084 | INFO | processed=2100/20048 (10.47%) | failed=0 | speed=7.45 samples/sec | elapsed=4.70 min
2026-04-06 09:47:13,435 | INFO | processed=2200/20048 (10.97%) | failed=0 | speed=7.79 samples/sec | elapsed=4.71 min
2026-04-06 09:47:13,782 | INFO | processed=2300/20048 (11.47%) | failed=0 | speed=8.13 samples/sec | elapsed=4.71 min
2026-04-06 09:47:27,228 | INFO | processed=2400/20048 (11.97%) | failed=0 | speed=8.10 samples/sec | elapsed=4.94 min
2026-04-06 09:48:45,053 | INFO | processed=2500/20048 (12.47%) | failed=0 | speed=6.68 samples/sec | elapsed=6.23 min
2026-04-06 09:49:51,857 | INFO | processed=2600/20048 (12.97%) | failed=0 | speed=5.90 samples/sec | elapsed=7.35 min
2026-04-06 09:51:01,572 | INFO | processed=2700/20048 (13.47%) | failed=0 | speed=5.29 samples/sec | elapsed=8.51 min
2026-04-06 09:52:12,483 | INFO | processed=2800/20048 (13.97%) | failed=0 | speed=4.82 samples/sec | elapsed=9.69 min
2026-04-06 09:53:23,485 | INFO | processed=2900/20048 (14.47%) | failed=0 | speed=4.44 samples/sec | elapsed=10.87 min
2026-04-06 09:54:31,632 | INFO | processed=3000/20048 (14.96%) | failed=0 | speed=4.16 samples/sec | elapsed=12.01 min
2026-04-06 09:55:42,958 | INFO | processed=3100/20048 (15.46%) | failed=0 | speed=3.91 samples/sec | elapsed=13.20 min
2026-04-06 09:56:08,017 | INFO | processed=3200/20048 (15.96%) | failed=0 | speed=3.92 samples/sec | elapsed=13.62 min
2026-04-06 09:56:08,403 | INFO | processed=3300/20048 (16.46%) | failed=0 | speed=4.04 samples/sec | elapsed=13.62 min
2026-04-06 09:56:08,792 | INFO | processed=3400/20048 (16.96%) | failed=0 | speed=4.16 samples/sec | elapsed=13.63 min
2026-04-06 09:56:09,156 | INFO | processed=3500/20048 (17.46%) | failed=0 | speed=4.28 samples/sec | elapsed=13.64 min
2026-04-06 09:56:09,531 | INFO | processed=3600/20048 (17.96%) | failed=0 | speed=4.40 samples/sec | elapsed=13.64 min
2026-04-06 09:56:09,898 | INFO | processed=3700/20048 (18.46%) | failed=0 | speed=4.52 samples/sec | elapsed=13.65 min
2026-04-06 09:56:10,263 | INFO | processed=3800/20048 (18.95%) | failed=0 | speed=4.64 samples/sec | elapsed=13.65 min
2026-04-06 09:56:10,627 | INFO | processed=3900/20048 (19.45%) | failed=0 | speed=4.76 samples/sec | elapsed=13.66 min
2026-04-06 09:56:10,993 | INFO | processed=4000/20048 (19.95%) | failed=0 | speed=4.88 samples/sec | elapsed=13.67 min
2026-04-06 09:56:11,366 | INFO | processed=4100/20048 (20.45%) | failed=0 | speed=5.00 samples/sec | elapsed=13.67 min
2026-04-06 09:56:11,736 | INFO | processed=4200/20048 (20.95%) | failed=0 | speed=5.12 samples/sec | elapsed=13.68 min
2026-04-06 09:56:12,109 | INFO | processed=4300/20048 (21.45%) | failed=0 | speed=5.24 samples/sec | elapsed=13.68 min
2026-04-06 09:56:12,477 | INFO | processed=4400/20048 (21.95%) | failed=0 | speed=5.36 samples/sec | elapsed=13.69 min
2026-04-06 09:56:12,843 | INFO | processed=4500/20048 (22.45%) | failed=0 | speed=5.48 samples/sec | elapsed=13.70 min
2026-04-06 09:56:13,214 | INFO | processed=4600/20048 (22.94%) | failed=0 | speed=5.59 samples/sec | elapsed=13.70 min
2026-04-06 09:56:13,584 | INFO | processed=4700/20048 (23.44%) | failed=0 | speed=5.71 samples/sec | elapsed=13.71 min
2026-04-06 09:56:13,982 | INFO | processed=4800/20048 (23.94%) | failed=0 | speed=5.83 samples/sec | elapsed=13.72 min
2026-04-06 09:56:14,394 | INFO | processed=4900/20048 (24.44%) | failed=0 | speed=5.95 samples/sec | elapsed=13.72 min
2026-04-06 09:56:14,785 | INFO | processed=5000/20048 (24.94%) | failed=0 | speed=6.07 samples/sec | elapsed=13.73 min
2026-04-06 09:56:15,158 | INFO | processed=5100/20048 (25.44%) | failed=0 | speed=6.19 samples/sec | elapsed=13.74 min
2026-04-06 09:56:15,552 | INFO | processed=5200/20048 (25.94%) | failed=0 | speed=6.31 samples/sec | elapsed=13.74 min
2026-04-06 09:56:15,945 | INFO | processed=5300/20048 (26.44%) | failed=0 | speed=6.42 samples/sec | elapsed=13.75 min
2026-04-06 09:56:16,340 | INFO | processed=5400/20048 (26.94%) | failed=0 | speed=6.54 samples/sec | elapsed=13.76 min
2026-04-06 09:56:16,725 | INFO | processed=5500/20048 (27.43%) | failed=0 | speed=6.66 samples/sec | elapsed=13.76 min
2026-04-06 09:56:17,118 | INFO | processed=5600/20048 (27.93%) | failed=0 | speed=6.78 samples/sec | elapsed=13.77 min
2026-04-06 09:57:27,849 | INFO | processed=5700/20048 (28.43%) | failed=0 | speed=6.36 samples/sec | elapsed=14.95 min
2026-04-06 09:58:55,227 | INFO | processed=5800/20048 (28.93%) | failed=0 | speed=5.89 samples/sec | elapsed=16.40 min
2026-04-06 10:00:22,264 | INFO | processed=5900/20048 (29.43%) | failed=0 | speed=5.51 samples/sec | elapsed=17.85 min
2026-04-06 10:01:39,062 | INFO | processed=6000/20048 (29.93%) | failed=0 | speed=5.23 samples/sec | elapsed=19.13 min
2026-04-06 10:02:50,937 | INFO | processed=6100/20048 (30.43%) | failed=0 | speed=5.00 samples/sec | elapsed=20.33 min
2026-04-06 10:04:02,678 | INFO | processed=6200/20048 (30.93%) | failed=0 | speed=4.80 samples/sec | elapsed=21.53 min
2026-04-06 10:05:14,889 | INFO | processed=6300/20048 (31.42%) | failed=0 | speed=4.62 samples/sec | elapsed=22.73 min
2026-04-06 10:06:26,273 | INFO | processed=6400/20048 (31.92%) | failed=0 | speed=4.46 samples/sec | elapsed=23.92 min
2026-04-06 10:07:37,278 | INFO | processed=6500/20048 (32.42%) | failed=0 | speed=4.32 samples/sec | elapsed=25.10 min
2026-04-06 10:08:55,722 | INFO | processed=6600/20048 (32.92%) | failed=0 | speed=4.16 samples/sec | elapsed=26.41 min
2026-04-06 10:10:09,119 | INFO | processed=6700/20048 (33.42%) | failed=0 | speed=4.04 samples/sec | elapsed=27.63 min
2026-04-06 10:11:21,443 | INFO | processed=6800/20048 (33.92%) | failed=0 | speed=3.93 samples/sec | elapsed=28.84 min
2026-04-06 10:12:32,358 | INFO | processed=6900/20048 (34.42%) | failed=0 | speed=3.83 samples/sec | elapsed=30.02 min
2026-04-06 10:13:45,833 | INFO | processed=7000/20048 (34.92%) | failed=0 | speed=3.73 samples/sec | elapsed=31.25 min
2026-04-06 10:14:57,592 | INFO | processed=7100/20048 (35.42%) | failed=0 | speed=3.65 samples/sec | elapsed=32.44 min
2026-04-06 10:16:11,486 | INFO | processed=7200/20048 (35.91%) | failed=0 | speed=3.56 samples/sec | elapsed=33.67 min
2026-04-06 10:17:43,445 | INFO | processed=7300/20048 (36.41%) | failed=0 | speed=3.46 samples/sec | elapsed=35.21 min
2026-04-06 10:18:59,882 | INFO | processed=7400/20048 (36.91%) | failed=0 | speed=3.38 samples/sec | elapsed=36.48 min
2026-04-06 10:20:13,153 | INFO | processed=7500/20048 (37.41%) | failed=0 | speed=3.32 samples/sec | elapsed=37.70 min
2026-04-06 10:21:24,530 | INFO | processed=7600/20048 (37.91%) | failed=0 | speed=3.26 samples/sec | elapsed=38.89 min
2026-04-06 10:22:35,572 | INFO | processed=7700/20048 (38.41%) | failed=0 | speed=3.20 samples/sec | elapsed=40.08 min
2026-04-06 10:24:43,500 | INFO | processed=7800/20048 (38.91%) | failed=0 | speed=3.08 samples/sec | elapsed=42.21 min
2026-04-06 10:25:31,693 | INFO | processed=7900/20048 (39.41%) | failed=0 | speed=3.06 samples/sec | elapsed=43.01 min
2026-04-06 10:25:32,093 | INFO | processed=8000/20048 (39.90%) | failed=0 | speed=3.10 samples/sec | elapsed=43.02 min
2026-04-06 10:25:32,477 | INFO | processed=8100/20048 (40.40%) | failed=0 | speed=3.14 samples/sec | elapsed=43.02 min
2026-04-06 10:25:32,849 | INFO | processed=8200/20048 (40.90%) | failed=0 | speed=3.18 samples/sec | elapsed=43.03 min
2026-04-06 10:25:33,216 | INFO | processed=8300/20048 (41.40%) | failed=0 | speed=3.21 samples/sec | elapsed=43.04 min
2026-04-06 10:25:33,596 | INFO | processed=8400/20048 (41.90%) | failed=0 | speed=3.25 samples/sec | elapsed=43.04 min
2026-04-06 10:25:33,978 | INFO | processed=8500/20048 (42.40%) | failed=0 | speed=3.29 samples/sec | elapsed=43.05 min
2026-04-06 10:25:34,352 | INFO | processed=8600/20048 (42.90%) | failed=0 | speed=3.33 samples/sec | elapsed=43.06 min
2026-04-06 10:25:34,733 | INFO | processed=8700/20048 (43.40%) | failed=0 | speed=3.37 samples/sec | elapsed=43.06 min
2026-04-06 10:25:35,112 | INFO | processed=8800/20048 (43.89%) | failed=0 | speed=3.41 samples/sec | elapsed=43.07 min
2026-04-06 10:25:35,485 | INFO | processed=8900/20048 (44.39%) | failed=0 | speed=3.44 samples/sec | elapsed=43.07 min
2026-04-06 10:25:35,855 | INFO | processed=9000/20048 (44.89%) | failed=0 | speed=3.48 samples/sec | elapsed=43.08 min
2026-04-06 10:25:36,222 | INFO | processed=9100/20048 (45.39%) | failed=0 | speed=3.52 samples/sec | elapsed=43.09 min
2026-04-06 10:25:36,593 | INFO | processed=9200/20048 (45.89%) | failed=0 | speed=3.56 samples/sec | elapsed=43.09 min
2026-04-06 10:25:36,976 | INFO | processed=9300/20048 (46.39%) | failed=0 | speed=3.60 samples/sec | elapsed=43.10 min
2026-04-06 10:25:37,357 | INFO | processed=9400/20048 (46.89%) | failed=0 | speed=3.63 samples/sec | elapsed=43.11 min
2026-04-06 10:25:37,745 | INFO | processed=9500/20048 (47.39%) | failed=0 | speed=3.67 samples/sec | elapsed=43.11 min
2026-04-06 10:25:38,127 | INFO | processed=9600/20048 (47.89%) | failed=0 | speed=3.71 samples/sec | elapsed=43.12 min
2026-04-06 10:25:38,495 | INFO | processed=9700/20048 (48.38%) | failed=0 | speed=3.75 samples/sec | elapsed=43.12 min
2026-04-06 10:25:38,879 | INFO | processed=9800/20048 (48.88%) | failed=0 | speed=3.79 samples/sec | elapsed=43.13 min
2026-04-06 10:25:39,259 | INFO | processed=9900/20048 (49.38%) | failed=0 | speed=3.83 samples/sec | elapsed=43.14 min
2026-04-06 10:25:39,630 | INFO | processed=10000/20048 (49.88%) | failed=0 | speed=3.86 samples/sec | elapsed=43.14 min
2026-04-06 10:25:39,997 | INFO | processed=10100/20048 (50.38%) | failed=0 | speed=3.90 samples/sec | elapsed=43.15 min
2026-04-06 10:25:40,364 | INFO | processed=10200/20048 (50.88%) | failed=0 | speed=3.94 samples/sec | elapsed=43.16 min
2026-04-06 10:25:40,727 | INFO | processed=10300/20048 (51.38%) | failed=0 | speed=3.98 samples/sec | elapsed=43.16 min
2026-04-06 10:25:41,094 | INFO | processed=10400/20048 (51.88%) | failed=0 | speed=4.02 samples/sec | elapsed=43.17 min
2026-04-06 10:25:41,463 | INFO | processed=10500/20048 (52.37%) | failed=0 | speed=4.05 samples/sec | elapsed=43.17 min
2026-04-06 10:25:41,828 | INFO | processed=10600/20048 (52.87%) | failed=0 | speed=4.09 samples/sec | elapsed=43.18 min
2026-04-06 10:25:42,198 | INFO | processed=10700/20048 (53.37%) | failed=0 | speed=4.13 samples/sec | elapsed=43.19 min
2026-04-06 10:25:42,575 | INFO | processed=10800/20048 (53.87%) | failed=0 | speed=4.17 samples/sec | elapsed=43.19 min
2026-04-06 10:25:42,940 | INFO | processed=10900/20048 (54.37%) | failed=0 | speed=4.21 samples/sec | elapsed=43.20 min
2026-04-06 10:25:43,312 | INFO | processed=11000/20048 (54.87%) | failed=0 | speed=4.24 samples/sec | elapsed=43.20 min
2026-04-06 10:25:43,704 | INFO | processed=11100/20048 (55.37%) | failed=0 | speed=4.28 samples/sec | elapsed=43.21 min
2026-04-06 10:25:44,060 | INFO | processed=11200/20048 (55.87%) | failed=0 | speed=4.32 samples/sec | elapsed=43.22 min
2026-04-06 10:25:44,416 | INFO | processed=11300/20048 (56.36%) | failed=0 | speed=4.36 samples/sec | elapsed=43.22 min
2026-04-06 10:25:44,771 | INFO | processed=11400/20048 (56.86%) | failed=0 | speed=4.40 samples/sec | elapsed=43.23 min
2026-04-06 10:25:45,112 | INFO | processed=11500/20048 (57.36%) | failed=0 | speed=4.43 samples/sec | elapsed=43.23 min
2026-04-06 10:25:45,472 | INFO | processed=11600/20048 (57.86%) | failed=0 | speed=4.47 samples/sec | elapsed=43.24 min
2026-04-06 10:25:45,838 | INFO | processed=11700/20048 (58.36%) | failed=0 | speed=4.51 samples/sec | elapsed=43.25 min
2026-04-06 10:25:46,200 | INFO | processed=11800/20048 (58.86%) | failed=0 | speed=4.55 samples/sec | elapsed=43.25 min
2026-04-06 10:25:46,558 | INFO | processed=11900/20048 (59.36%) | failed=0 | speed=4.58 samples/sec | elapsed=43.26 min
2026-04-06 10:25:46,905 | INFO | processed=12000/20048 (59.86%) | failed=0 | speed=4.62 samples/sec | elapsed=43.26 min
2026-04-06 10:25:47,249 | INFO | processed=12100/20048 (60.36%) | failed=0 | speed=4.66 samples/sec | elapsed=43.27 min
2026-04-06 10:25:47,594 | INFO | processed=12200/20048 (60.85%) | failed=0 | speed=4.70 samples/sec | elapsed=43.28 min
2026-04-06 10:25:47,944 | INFO | processed=12300/20048 (61.35%) | failed=0 | speed=4.74 samples/sec | elapsed=43.28 min
2026-04-06 10:25:48,289 | INFO | processed=12400/20048 (61.85%) | failed=0 | speed=4.77 samples/sec | elapsed=43.29 min
2026-04-06 10:25:48,644 | INFO | processed=12500/20048 (62.35%) | failed=0 | speed=4.81 samples/sec | elapsed=43.29 min
2026-04-06 10:25:48,998 | INFO | processed=12600/20048 (62.85%) | failed=0 | speed=4.85 samples/sec | elapsed=43.30 min
2026-04-06 10:25:49,347 | INFO | processed=12700/20048 (63.35%) | failed=0 | speed=4.89 samples/sec | elapsed=43.31 min
2026-04-06 10:25:49,692 | INFO | processed=12800/20048 (63.85%) | failed=0 | speed=4.93 samples/sec | elapsed=43.31 min
2026-04-06 10:25:50,042 | INFO | processed=12900/20048 (64.35%) | failed=0 | speed=4.96 samples/sec | elapsed=43.32 min
2026-04-06 10:25:50,395 | INFO | processed=13000/20048 (64.84%) | failed=0 | speed=5.00 samples/sec | elapsed=43.32 min
2026-04-06 10:25:50,746 | INFO | processed=13100/20048 (65.34%) | failed=0 | speed=5.04 samples/sec | elapsed=43.33 min
2026-04-06 10:25:51,087 | INFO | processed=13200/20048 (65.84%) | failed=0 | speed=5.08 samples/sec | elapsed=43.33 min
2026-04-06 10:25:51,437 | INFO | processed=13300/20048 (66.34%) | failed=0 | speed=5.11 samples/sec | elapsed=43.34 min
2026-04-06 10:25:51,785 | INFO | processed=13400/20048 (66.84%) | failed=0 | speed=5.15 samples/sec | elapsed=43.35 min
2026-04-06 10:25:52,142 | INFO | processed=13500/20048 (67.34%) | failed=0 | speed=5.19 samples/sec | elapsed=43.35 min
2026-04-06 10:25:52,491 | INFO | processed=13600/20048 (67.84%) | failed=0 | speed=5.23 samples/sec | elapsed=43.36 min
2026-04-06 10:25:52,843 | INFO | processed=13700/20048 (68.34%) | failed=0 | speed=5.27 samples/sec | elapsed=43.36 min
2026-04-06 10:25:53,200 | INFO | processed=13800/20048 (68.83%) | failed=0 | speed=5.30 samples/sec | elapsed=43.37 min
2026-04-06 10:25:53,559 | INFO | processed=13900/20048 (69.33%) | failed=0 | speed=5.34 samples/sec | elapsed=43.38 min
2026-04-06 10:25:53,917 | INFO | processed=14000/20048 (69.83%) | failed=0 | speed=5.38 samples/sec | elapsed=43.38 min
2026-04-06 10:25:54,254 | INFO | processed=14100/20048 (70.33%) | failed=0 | speed=5.42 samples/sec | elapsed=43.39 min
2026-04-06 10:25:54,608 | INFO | processed=14200/20048 (70.83%) | failed=0 | speed=5.45 samples/sec | elapsed=43.39 min
2026-04-06 10:25:54,961 | INFO | processed=14300/20048 (71.33%) | failed=0 | speed=5.49 samples/sec | elapsed=43.40 min
2026-04-06 10:25:55,323 | INFO | processed=14400/20048 (71.83%) | failed=0 | speed=5.53 samples/sec | elapsed=43.40 min
2026-04-06 10:25:55,673 | INFO | processed=14500/20048 (72.33%) | failed=0 | speed=5.57 samples/sec | elapsed=43.41 min
2026-04-06 10:25:56,039 | INFO | processed=14600/20048 (72.83%) | failed=0 | speed=5.60 samples/sec | elapsed=43.42 min
2026-04-06 10:25:56,415 | INFO | processed=14700/20048 (73.32%) | failed=0 | speed=5.64 samples/sec | elapsed=43.42 min
2026-04-06 10:25:56,769 | INFO | processed=14800/20048 (73.82%) | failed=0 | speed=5.68 samples/sec | elapsed=43.43 min
2026-04-06 10:25:57,111 | INFO | processed=14900/20048 (74.32%) | failed=0 | speed=5.72 samples/sec | elapsed=43.43 min
2026-04-06 10:25:57,470 | INFO | processed=15000/20048 (74.82%) | failed=0 | speed=5.75 samples/sec | elapsed=43.44 min
2026-04-06 10:25:57,830 | INFO | processed=15100/20048 (75.32%) | failed=0 | speed=5.79 samples/sec | elapsed=43.45 min
2026-04-06 10:25:58,196 | INFO | processed=15200/20048 (75.82%) | failed=0 | speed=5.83 samples/sec | elapsed=43.45 min
2026-04-06 10:25:58,563 | INFO | processed=15300/20048 (76.32%) | failed=0 | speed=5.87 samples/sec | elapsed=43.46 min
2026-04-06 10:25:58,924 | INFO | processed=15400/20048 (76.82%) | failed=0 | speed=5.91 samples/sec | elapsed=43.46 min
2026-04-06 10:25:59,286 | INFO | processed=15500/20048 (77.31%) | failed=0 | speed=5.94 samples/sec | elapsed=43.47 min
2026-04-06 10:25:59,646 | INFO | processed=15600/20048 (77.81%) | failed=0 | speed=5.98 samples/sec | elapsed=43.48 min
2026-04-06 10:26:00,004 | INFO | processed=15700/20048 (78.31%) | failed=0 | speed=6.02 samples/sec | elapsed=43.48 min
2026-04-06 10:26:00,358 | INFO | processed=15800/20048 (78.81%) | failed=0 | speed=6.06 samples/sec | elapsed=43.49 min
2026-04-06 10:26:00,723 | INFO | processed=15900/20048 (79.31%) | failed=0 | speed=6.09 samples/sec | elapsed=43.49 min
2026-04-06 10:26:01,083 | INFO | processed=16000/20048 (79.81%) | failed=0 | speed=6.13 samples/sec | elapsed=43.50 min
2026-04-06 10:26:01,448 | INFO | processed=16100/20048 (80.31%) | failed=0 | speed=6.17 samples/sec | elapsed=43.51 min
2026-04-06 10:26:01,812 | INFO | processed=16200/20048 (80.81%) | failed=0 | speed=6.21 samples/sec | elapsed=43.51 min
2026-04-06 10:26:02,172 | INFO | processed=16300/20048 (81.30%) | failed=0 | speed=6.24 samples/sec | elapsed=43.52 min
2026-04-06 10:26:02,528 | INFO | processed=16400/20048 (81.80%) | failed=0 | speed=6.28 samples/sec | elapsed=43.53 min
2026-04-06 10:26:02,892 | INFO | processed=16500/20048 (82.30%) | failed=0 | speed=6.32 samples/sec | elapsed=43.53 min
2026-04-06 10:26:03,233 | INFO | processed=16600/20048 (82.80%) | failed=0 | speed=6.35 samples/sec | elapsed=43.54 min
2026-04-06 10:26:03,588 | INFO | processed=16700/20048 (83.30%) | failed=0 | speed=6.39 samples/sec | elapsed=43.54 min
2026-04-06 10:26:03,947 | INFO | processed=16800/20048 (83.80%) | failed=0 | speed=6.43 samples/sec | elapsed=43.55 min
2026-04-06 10:26:04,303 | INFO | processed=16900/20048 (84.30%) | failed=0 | speed=6.47 samples/sec | elapsed=43.55 min
2026-04-06 10:26:04,662 | INFO | processed=17000/20048 (84.80%) | failed=0 | speed=6.50 samples/sec | elapsed=43.56 min
2026-04-06 10:26:05,028 | INFO | processed=17100/20048 (85.30%) | failed=0 | speed=6.54 samples/sec | elapsed=43.57 min
2026-04-06 10:26:05,385 | INFO | processed=17200/20048 (85.79%) | failed=0 | speed=6.58 samples/sec | elapsed=43.57 min
2026-04-06 10:26:05,750 | INFO | processed=17300/20048 (86.29%) | failed=0 | speed=6.62 samples/sec | elapsed=43.58 min
2026-04-06 10:26:06,094 | INFO | processed=17400/20048 (86.79%) | failed=0 | speed=6.65 samples/sec | elapsed=43.58 min
2026-04-06 10:26:06,464 | INFO | processed=17500/20048 (87.29%) | failed=0 | speed=6.69 samples/sec | elapsed=43.59 min
2026-04-06 10:26:06,819 | INFO | processed=17600/20048 (87.79%) | failed=0 | speed=6.73 samples/sec | elapsed=43.60 min
2026-04-06 10:26:07,186 | INFO | processed=17700/20048 (88.29%) | failed=0 | speed=6.77 samples/sec | elapsed=43.60 min
2026-04-06 10:26:07,539 | INFO | processed=17800/20048 (88.79%) | failed=0 | speed=6.80 samples/sec | elapsed=43.61 min
2026-04-06 10:26:07,899 | INFO | processed=17900/20048 (89.29%) | failed=0 | speed=6.84 samples/sec | elapsed=43.61 min
2026-04-06 10:26:08,256 | INFO | processed=18000/20048 (89.78%) | failed=0 | speed=6.88 samples/sec | elapsed=43.62 min
2026-04-06 10:26:08,611 | INFO | processed=18100/20048 (90.28%) | failed=0 | speed=6.91 samples/sec | elapsed=43.63 min
2026-04-06 10:26:08,965 | INFO | processed=18200/20048 (90.78%) | failed=0 | speed=6.95 samples/sec | elapsed=43.63 min
2026-04-06 10:26:09,313 | INFO | processed=18300/20048 (91.28%) | failed=0 | speed=6.99 samples/sec | elapsed=43.64 min
2026-04-06 10:26:09,663 | INFO | processed=18400/20048 (91.78%) | failed=0 | speed=7.03 samples/sec | elapsed=43.64 min
2026-04-06 10:26:10,024 | INFO | processed=18500/20048 (92.28%) | failed=0 | speed=7.06 samples/sec | elapsed=43.65 min
2026-04-06 10:26:10,382 | INFO | processed=18600/20048 (92.78%) | failed=0 | speed=7.10 samples/sec | elapsed=43.66 min
2026-04-06 10:26:10,734 | INFO | processed=18700/20048 (93.28%) | failed=0 | speed=7.14 samples/sec | elapsed=43.66 min
2026-04-06 10:26:11,086 | INFO | processed=18800/20048 (93.77%) | failed=0 | speed=7.18 samples/sec | elapsed=43.67 min
2026-04-06 10:26:11,444 | INFO | processed=18900/20048 (94.27%) | failed=0 | speed=7.21 samples/sec | elapsed=43.67 min
2026-04-06 10:26:11,801 | INFO | processed=19000/20048 (94.77%) | failed=0 | speed=7.25 samples/sec | elapsed=43.68 min
2026-04-06 10:26:12,145 | INFO | processed=19100/20048 (95.27%) | failed=0 | speed=7.29 samples/sec | elapsed=43.69 min
2026-04-06 10:26:12,501 | INFO | processed=19200/20048 (95.77%) | failed=0 | speed=7.32 samples/sec | elapsed=43.69 min
2026-04-06 10:26:12,864 | INFO | processed=19300/20048 (96.27%) | failed=0 | speed=7.36 samples/sec | elapsed=43.70 min
2026-04-06 10:26:13,229 | INFO | processed=19400/20048 (96.77%) | failed=0 | speed=7.40 samples/sec | elapsed=43.70 min
2026-04-06 10:26:13,594 | INFO | processed=19500/20048 (97.27%) | failed=0 | speed=7.44 samples/sec | elapsed=43.71 min
2026-04-06 10:26:13,949 | INFO | processed=19600/20048 (97.77%) | failed=0 | speed=7.47 samples/sec | elapsed=43.72 min
2026-04-06 10:26:14,303 | INFO | processed=19700/20048 (98.26%) | failed=0 | speed=7.51 samples/sec | elapsed=43.72 min
2026-04-06 10:26:14,660 | INFO | processed=19800/20048 (98.76%) | failed=0 | speed=7.55 samples/sec | elapsed=43.73 min
2026-04-06 10:26:15,019 | INFO | processed=19900/20048 (99.26%) | failed=0 | speed=7.58 samples/sec | elapsed=43.73 min
2026-04-06 10:26:15,377 | INFO | processed=20000/20048 (99.76%) | failed=0 | speed=7.62 samples/sec | elapsed=43.74 min
2026-04-06 10:26:17,184 | INFO | ============== Build Finished ==============
2026-04-06 10:26:17,184 | INFO | Saved manifest  : /home/ted1204/MS_Detection_Datamaker/MS_datamaker_FINAL/output_npy/metadata/all_samples.csv
2026-04-06 10:26:17,185 | INFO | Success         : 20048
2026-04-06 10:26:17,185 | INFO | Failed          : 0
2026-04-06 10:26:17,185 | INFO | Elapsed (min)   : 43.74
2026-04-06 10:26:17,185 | INFO | Avg speed       : 7.64 samples/sec
2026-04-06 10:26:17,185 | INFO | Per site counts : {'pohang': 3383, 'utah_2019': 10497, 'utah_2023': 6168}
2026-04-06 10:26:17,185 | INFO | Per label counts: {'noise': 3234, 'event': 2385, 'unlabel': 14429}
2026-04-06 10:26:17,185 | INFO | ============================================
